Component: Arm Compiler for Embedded 6.19 Tool: armlink [5e73cb00]

==============================================================================

Section Cross References

    misc_1.o(.ARM.exidx.text.NVIC_PriorityGroupConfig) refers to misc_1.o(.text.NVIC_PriorityGroupConfig) for [Anonymous Symbol]
    misc_1.o(.ARM.exidx.text.NVIC_Init) refers to misc_1.o(.text.NVIC_Init) for [Anonymous Symbol]
    misc_1.o(.ARM.exidx.text.NVIC_SetVectorTable) refers to misc_1.o(.text.NVIC_SetVectorTable) for [Anonymous Symbol]
    misc_1.o(.ARM.exidx.text.NVIC_SystemLPConfig) refers to misc_1.o(.text.NVIC_SystemLPConfig) for [Anonymous Symbol]
    misc_1.o(.ARM.exidx.text.SysTick_CLKSourceConfig) refers to misc_1.o(.text.SysTick_CLKSourceConfig) for [Anonymous Symbol]
    stm32f4xx_adc_1.o(.text.ADC_DeInit) refers to stm32f4xx_rcc_1.o(.text.RCC_APB2PeriphResetCmd) for RCC_APB2PeriphResetCmd
    stm32f4xx_adc_1.o(.ARM.exidx.text.ADC_DeInit) refers to stm32f4xx_adc_1.o(.text.ADC_DeInit) for [Anonymous Symbol]
    stm32f4xx_adc_1.o(.ARM.exidx.text.ADC_Init) refers to stm32f4xx_adc_1.o(.text.ADC_Init) for [Anonymous Symbol]
    stm32f4xx_adc_1.o(.ARM.exidx.text.ADC_StructInit) refers to stm32f4xx_adc_1.o(.text.ADC_StructInit) for [Anonymous Symbol]
    stm32f4xx_adc_1.o(.ARM.exidx.text.ADC_CommonInit) refers to stm32f4xx_adc_1.o(.text.ADC_CommonInit) for [Anonymous Symbol]
    stm32f4xx_adc_1.o(.ARM.exidx.text.ADC_CommonStructInit) refers to stm32f4xx_adc_1.o(.text.ADC_CommonStructInit) for [Anonymous Symbol]
    stm32f4xx_adc_1.o(.ARM.exidx.text.ADC_Cmd) refers to stm32f4xx_adc_1.o(.text.ADC_Cmd) for [Anonymous Symbol]
    stm32f4xx_adc_1.o(.ARM.exidx.text.ADC_AnalogWatchdogCmd) refers to stm32f4xx_adc_1.o(.text.ADC_AnalogWatchdogCmd) for [Anonymous Symbol]
    stm32f4xx_adc_1.o(.ARM.exidx.text.ADC_AnalogWatchdogThresholdsConfig) refers to stm32f4xx_adc_1.o(.text.ADC_AnalogWatchdogThresholdsConfig) for [Anonymous Symbol]
    stm32f4xx_adc_1.o(.ARM.exidx.text.ADC_AnalogWatchdogSingleChannelConfig) refers to stm32f4xx_adc_1.o(.text.ADC_AnalogWatchdogSingleChannelConfig) for [Anonymous Symbol]
    stm32f4xx_adc_1.o(.ARM.exidx.text.ADC_TempSensorVrefintCmd) refers to stm32f4xx_adc_1.o(.text.ADC_TempSensorVrefintCmd) for [Anonymous Symbol]
    stm32f4xx_adc_1.o(.ARM.exidx.text.ADC_VBATCmd) refers to stm32f4xx_adc_1.o(.text.ADC_VBATCmd) for [Anonymous Symbol]
    stm32f4xx_adc_1.o(.ARM.exidx.text.ADC_RegularChannelConfig) refers to stm32f4xx_adc_1.o(.text.ADC_RegularChannelConfig) for [Anonymous Symbol]
    stm32f4xx_adc_1.o(.ARM.exidx.text.ADC_SoftwareStartConv) refers to stm32f4xx_adc_1.o(.text.ADC_SoftwareStartConv) for [Anonymous Symbol]
    stm32f4xx_adc_1.o(.ARM.exidx.text.ADC_GetSoftwareStartConvStatus) refers to stm32f4xx_adc_1.o(.text.ADC_GetSoftwareStartConvStatus) for [Anonymous Symbol]
    stm32f4xx_adc_1.o(.ARM.exidx.text.ADC_EOCOnEachRegularChannelCmd) refers to stm32f4xx_adc_1.o(.text.ADC_EOCOnEachRegularChannelCmd) for [Anonymous Symbol]
    stm32f4xx_adc_1.o(.ARM.exidx.text.ADC_ContinuousModeCmd) refers to stm32f4xx_adc_1.o(.text.ADC_ContinuousModeCmd) for [Anonymous Symbol]
    stm32f4xx_adc_1.o(.ARM.exidx.text.ADC_DiscModeChannelCountConfig) refers to stm32f4xx_adc_1.o(.text.ADC_DiscModeChannelCountConfig) for [Anonymous Symbol]
    stm32f4xx_adc_1.o(.ARM.exidx.text.ADC_DiscModeCmd) refers to stm32f4xx_adc_1.o(.text.ADC_DiscModeCmd) for [Anonymous Symbol]
    stm32f4xx_adc_1.o(.ARM.exidx.text.ADC_GetConversionValue) refers to stm32f4xx_adc_1.o(.text.ADC_GetConversionValue) for [Anonymous Symbol]
    stm32f4xx_adc_1.o(.ARM.exidx.text.ADC_GetMultiModeConversionValue) refers to stm32f4xx_adc_1.o(.text.ADC_GetMultiModeConversionValue) for [Anonymous Symbol]
    stm32f4xx_adc_1.o(.ARM.exidx.text.ADC_DMACmd) refers to stm32f4xx_adc_1.o(.text.ADC_DMACmd) for [Anonymous Symbol]
    stm32f4xx_adc_1.o(.ARM.exidx.text.ADC_DMARequestAfterLastTransferCmd) refers to stm32f4xx_adc_1.o(.text.ADC_DMARequestAfterLastTransferCmd) for [Anonymous Symbol]
    stm32f4xx_adc_1.o(.ARM.exidx.text.ADC_MultiModeDMARequestAfterLastTransferCmd) refers to stm32f4xx_adc_1.o(.text.ADC_MultiModeDMARequestAfterLastTransferCmd) for [Anonymous Symbol]
    stm32f4xx_adc_1.o(.ARM.exidx.text.ADC_InjectedChannelConfig) refers to stm32f4xx_adc_1.o(.text.ADC_InjectedChannelConfig) for [Anonymous Symbol]
    stm32f4xx_adc_1.o(.ARM.exidx.text.ADC_InjectedSequencerLengthConfig) refers to stm32f4xx_adc_1.o(.text.ADC_InjectedSequencerLengthConfig) for [Anonymous Symbol]
    stm32f4xx_adc_1.o(.ARM.exidx.text.ADC_SetInjectedOffset) refers to stm32f4xx_adc_1.o(.text.ADC_SetInjectedOffset) for [Anonymous Symbol]
    stm32f4xx_adc_1.o(.ARM.exidx.text.ADC_ExternalTrigInjectedConvConfig) refers to stm32f4xx_adc_1.o(.text.ADC_ExternalTrigInjectedConvConfig) for [Anonymous Symbol]
    stm32f4xx_adc_1.o(.ARM.exidx.text.ADC_ExternalTrigInjectedConvEdgeConfig) refers to stm32f4xx_adc_1.o(.text.ADC_ExternalTrigInjectedConvEdgeConfig) for [Anonymous Symbol]
[...]
    Removing stm32f4xx_i2c_1.o(.ARM.exidx.text.I2C_CalculatePEC), (8 bytes).
    Removing stm32f4xx_i2c_1.o(.text.I2C_GetPEC), (6 bytes).
    Removing stm32f4xx_i2c_1.o(.ARM.exidx.text.I2C_GetPEC), (8 bytes).
    Removing stm32f4xx_i2c_1.o(.text.I2C_DMACmd), (20 bytes).
    Removing stm32f4xx_i2c_1.o(.ARM.exidx.text.I2C_DMACmd), (8 bytes).
    Removing stm32f4xx_i2c_1.o(.text.I2C_DMALastTransferCmd), (20 bytes).
    Removing stm32f4xx_i2c_1.o(.ARM.exidx.text.I2C_DMALastTransferCmd), (8 bytes).
    Removing stm32f4xx_i2c_1.o(.text.I2C_ReadRegister), (22 bytes).
    Removing stm32f4xx_i2c_1.o(.ARM.exidx.text.I2C_ReadRegister), (8 bytes).
    Removing stm32f4xx_i2c_1.o(.text.I2C_ITConfig), (16 bytes).
    Removing stm32f4xx_i2c_1.o(.ARM.exidx.text.I2C_ITConfig), (8 bytes).
    Removing stm32f4xx_i2c_1.o(.text.I2C_CheckEvent), (34 bytes).
    Removing stm32f4xx_i2c_1.o(.ARM.exidx.text.I2C_CheckEvent), (8 bytes).
    Removing stm32f4xx_i2c_1.o(.text.I2C_GetLastEvent), (12 bytes).
    Removing stm32f4xx_i2c_1.o(.ARM.exidx.text.I2C_GetLastEvent), (8 bytes).
    Removing stm32f4xx_i2c_1.o(.text.I2C_GetFlagStatus), (48 bytes).
    Removing stm32f4xx_i2c_1.o(.ARM.exidx.text.I2C_GetFlagStatus), (8 bytes).
    Removing stm32f4xx_i2c_1.o(.text.I2C_ClearFlag), (6 bytes).
    Removing stm32f4xx_i2c_1.o(.ARM.exidx.text.I2C_ClearFlag), (8 bytes).
    Removing stm32f4xx_i2c_1.o(.text.I2C_GetITStatus), (28 bytes).
    Removing stm32f4xx_i2c_1.o(.ARM.exidx.text.I2C_GetITStatus), (8 bytes).
    Removing stm32f4xx_i2c_1.o(.text.I2C_ClearITPendingBit), (6 bytes).
    Removing stm32f4xx_i2c_1.o(.ARM.exidx.text.I2C_ClearITPendingBit), (8 bytes).
    Removing stm32f4xx_iwdg_1.o(.text), (0 bytes).
    Removing stm32f4xx_iwdg_1.o(.text.IWDG_WriteAccessCmd), (12 bytes).
    Removing stm32f4xx_iwdg_1.o(.ARM.exidx.text.IWDG_WriteAccessCmd), (8 bytes).
    Removing stm32f4xx_iwdg_1.o(.text.IWDG_SetPrescaler), (12 bytes).
    Removing stm32f4xx_iwdg_1.o(.ARM.exidx.text.IWDG_SetPrescaler), (8 bytes).
    Removing stm32f4xx_iwdg_1.o(.text.IWDG_SetReload), (12 bytes).
    Removing stm32f4xx_iwdg_1.o(.ARM.exidx.text.IWDG_SetReload), (8 bytes).
    Removing stm32f4xx_iwdg_1.o(.text.IWDG_ReloadCounter), (16 bytes).
    Removing stm32f4xx_iwdg_1.o(.ARM.exidx.text.IWDG_ReloadCounter), (8 bytes).
    Removing stm32f4xx_iwdg_1.o(.text.IWDG_Enable), (16 bytes).
    Removing stm32f4xx_iwdg_1.o(.ARM.exidx.text.IWDG_Enable), (8 bytes).
    Removing stm32f4xx_iwdg_1.o(.text.IWDG_GetFlagStatus), (18 bytes).
    Removing stm32f4xx_iwdg_1.o(.ARM.exidx.text.IWDG_GetFlagStatus), (8 bytes).
    Removing stm32f4xx_lptim_1.o(.text), (0 bytes).
    Removing stm32f4xx_ltdc_1.o(.text), (0 bytes).
    Removing stm32f4xx_ltdc_1.o(.text.LTDC_DeInit), (26 bytes).
    Removing stm32f4xx_ltdc_1.o(.ARM.exidx.text.LTDC_DeInit), (8 bytes).
    Removing stm32f4xx_ltdc_1.o(.text.LTDC_Init), (170 bytes).
    Removing stm32f4xx_ltdc_1.o(.ARM.exidx.text.LTDC_Init), (8 bytes).
    Removing stm32f4xx_ltdc_1.o(.text.LTDC_StructInit), (10 bytes).
    Removing stm32f4xx_ltdc_1.o(.ARM.exidx.text.LTDC_StructInit), (8 bytes).
    Removing stm32f4xx_ltdc_1.o(.text.LTDC_Cmd), (24 bytes).
    Removing stm32f4xx_ltdc_1.o(.ARM.exidx.text.LTDC_Cmd), (8 bytes).
    Removing stm32f4xx_ltdc_1.o(.text.LTDC_DitherCmd), (26 bytes).
    Removing stm32f4xx_ltdc_1.o(.ARM.exidx.text.LTDC_DitherCmd), (8 bytes).
    Removing stm32f4xx_ltdc_1.o(.text.LTDC_GetRGBWidth), (48 bytes).
    Removing stm32f4xx_ltdc_1.o(.ARM.exidx.text.LTDC_GetRGBWidth), (8 bytes).
    Removing stm32f4xx_ltdc_1.o(.text.LTDC_RGBStructInit), (10 bytes).
    Removing stm32f4xx_ltdc_1.o(.ARM.exidx.text.LTDC_RGBStructInit), (8 bytes).
    Removing stm32f4xx_ltdc_1.o(.text.LTDC_LIPConfig), (12 bytes).
    Removing stm32f4xx_ltdc_1.o(.ARM.exidx.text.LTDC_LIPConfig), (8 bytes).
    Removing stm32f4xx_ltdc_1.o(.text.LTDC_ReloadConfig), (12 bytes).
    Removing stm32f4xx_ltdc_1.o(.ARM.exidx.text.LTDC_ReloadConfig), (8 bytes).
    Removing stm32f4xx_ltdc_1.o(.text.LTDC_LayerInit), (148 bytes).
    Removing stm32f4xx_ltdc_1.o(.ARM.exidx.text.LTDC_LayerInit), (8 bytes).
    Removing stm32f4xx_ltdc_1.o(.text.LTDC_LayerStructInit), (44 bytes).
    Removing stm32f4xx_ltdc_1.o(.ARM.exidx.text.LTDC_LayerStructInit), (8 bytes).
    Removing stm32f4xx_ltdc_1.o(.text.LTDC_LayerCmd), (16 bytes).
    Removing stm32f4xx_ltdc_1.o(.ARM.exidx.text.LTDC_LayerCmd), (8 bytes).
    Removing stm32f4xx_ltdc_1.o(.text.LTDC_GetPosStatus), (28 bytes).
    Removing stm32f4xx_ltdc_1.o(.ARM.exidx.text.LTDC_GetPosStatus), (8 bytes).
    Removing stm32f4xx_ltdc_1.o(.text.LTDC_PosStructInit), (8 bytes).
    Removing stm32f4xx_ltdc_1.o(.ARM.exidx.text.LTDC_PosStructInit), (8 bytes).
    Removing stm32f4xx_ltdc_1.o(.text.LTDC_GetCDStatus), (18 bytes).
    Removing stm32f4xx_ltdc_1.o(.ARM.exidx.text.LTDC_GetCDStatus), (8 bytes).
    Removing stm32f4xx_ltdc_1.o(.text.LTDC_ColorKeyingConfig), (62 bytes).
    Removing stm32f4xx_ltdc_1.o(.ARM.exidx.text.LTDC_ColorKeyingConfig), (8 bytes).
    Removing stm32f4xx_ltdc_1.o(.text.LTDC_ColorKeyingStructInit), (10 bytes).
    Removing stm32f4xx_ltdc_1.o(.ARM.exidx.text.LTDC_ColorKeyingStructInit), (8 bytes).
    Removing stm32f4xx_ltdc_1.o(.text.LTDC_CLUTCmd), (28 bytes).
    Removing stm32f4xx_ltdc_1.o(.ARM.exidx.text.LTDC_CLUTCmd), (8 bytes).
    Removing stm32f4xx_ltdc_1.o(.text.LTDC_CLUTInit), (24 bytes).
    Removing stm32f4xx_ltdc_1.o(.ARM.exidx.text.LTDC_CLUTInit), (8 bytes).
    Removing stm32f4xx_ltdc_1.o(.text.LTDC_CLUTStructInit), (12 bytes).
    Removing stm32f4xx_ltdc_1.o(.ARM.exidx.text.LTDC_CLUTStructInit), (8 bytes).
    Removing stm32f4xx_ltdc_1.o(.text.LTDC_LayerPosition), (118 bytes).
    Removing stm32f4xx_ltdc_1.o(.ARM.exidx.text.LTDC_LayerPosition), (8 bytes).
    Removing stm32f4xx_ltdc_1.o(.text.LTDC_LayerAlpha), (4 bytes).
    Removing stm32f4xx_ltdc_1.o(.ARM.exidx.text.LTDC_LayerAlpha), (8 bytes).
    Removing stm32f4xx_ltdc_1.o(.text.LTDC_LayerAddress), (4 bytes).
    Removing stm32f4xx_ltdc_1.o(.ARM.exidx.text.LTDC_LayerAddress), (8 bytes).
    Removing stm32f4xx_ltdc_1.o(.text.LTDC_LayerSize), (86 bytes).
    Removing stm32f4xx_ltdc_1.o(.ARM.exidx.text.LTDC_LayerSize), (8 bytes).
    Removing stm32f4xx_ltdc_1.o(.text.LTDC_LayerPixelFormat), (58 bytes).
    Removing stm32f4xx_ltdc_1.o(.ARM.exidx.text.LTDC_LayerPixelFormat), (8 bytes).
    Removing stm32f4xx_ltdc_1.o(.text.LTDC_ITConfig), (24 bytes).
    Removing stm32f4xx_ltdc_1.o(.ARM.exidx.text.LTDC_ITConfig), (8 bytes).
    Removing stm32f4xx_ltdc_1.o(.text.LTDC_GetFlagStatus), (18 bytes).
    Removing stm32f4xx_ltdc_1.o(.ARM.exidx.text.LTDC_GetFlagStatus), (8 bytes).
    Removing stm32f4xx_ltdc_1.o(.text.LTDC_ClearFlag), (12 bytes).
    Removing stm32f4xx_ltdc_1.o(.ARM.exidx.text.LTDC_ClearFlag), (8 bytes).
    Removing stm32f4xx_ltdc_1.o(.text.LTDC_GetITStatus), (28 bytes).
    Removing stm32f4xx_ltdc_1.o(.ARM.exidx.text.LTDC_GetITStatus), (8 bytes).
    Removing stm32f4xx_ltdc_1.o(.text.LTDC_ClearITPendingBit), (12 bytes).
    Removing stm32f4xx_ltdc_1.o(.ARM.exidx.text.LTDC_ClearITPendingBit), (8 bytes).
    Removing stm32f4xx_ltdc_1.o(.rodata.cst32), (32 bytes).
    Removing stm32f4xx_pwr_1.o(.text), (0 bytes).
    Removing stm32f4xx_pwr_1.o(.text.PWR_DeInit), (26 bytes).
    Removing stm32f4xx_pwr_1.o(.ARM.exidx.text.PWR_DeInit), (8 bytes).
    Removing stm32f4xx_pwr_1.o(.text.PWR_BackupAccessCmd), (10 bytes).
    Removing stm32f4xx_pwr_1.o(.ARM.exidx.text.PWR_BackupAccessCmd), (8 bytes).
    Removing stm32f4xx_pwr_1.o(.text.PWR_PVDLevelConfig), (20 bytes).
    Removing stm32f4xx_pwr_1.o(.ARM.exidx.text.PWR_PVDLevelConfig), (8 bytes).
    Removing stm32f4xx_pwr_1.o(.text.PWR_PVDCmd), (10 bytes).
    Removing stm32f4xx_pwr_1.o(.ARM.exidx.text.PWR_PVDCmd), (8 bytes).
    Removing stm32f4xx_pwr_1.o(.text.PWR_WakeUpPinCmd), (10 bytes).
    Removing stm32f4xx_pwr_1.o(.ARM.exidx.text.PWR_WakeUpPinCmd), (8 bytes).
    Removing stm32f4xx_pwr_1.o(.text.PWR_BackupRegulatorCmd), (10 bytes).
    Removing stm32f4xx_pwr_1.o(.ARM.exidx.text.PWR_BackupRegulatorCmd), (8 bytes).
    Removing stm32f4xx_pwr_1.o(.text.PWR_MainRegulatorModeConfig), (20 bytes).
    Removing stm32f4xx_pwr_1.o(.ARM.exidx.text.PWR_MainRegulatorModeConfig), (8 bytes).
    Removing stm32f4xx_pwr_1.o(.text.PWR_OverDriveCmd), (10 bytes).
    Removing stm32f4xx_pwr_1.o(.ARM.exidx.text.PWR_OverDriveCmd), (8 bytes).
    Removing stm32f4xx_pwr_1.o(.text.PWR_OverDriveSWCmd), (10 bytes).
    Removing stm32f4xx_pwr_1.o(.ARM.exidx.text.PWR_OverDriveSWCmd), (8 bytes).
    Removing stm32f4xx_pwr_1.o(.text.PWR_UnderDriveCmd), (26 bytes).
    Removing stm32f4xx_pwr_1.o(.ARM.exidx.text.PWR_UnderDriveCmd), (8 bytes).
    Removing stm32f4xx_pwr_1.o(.text.PWR_MainRegulatorLowVoltageCmd), (16 bytes).
    Removing stm32f4xx_pwr_1.o(.ARM.exidx.text.PWR_MainRegulatorLowVoltageCmd), (8 bytes).
    Removing stm32f4xx_pwr_1.o(.text.PWR_LowRegulatorLowVoltageCmd), (16 bytes).
    Removing stm32f4xx_pwr_1.o(.ARM.exidx.text.PWR_LowRegulatorLowVoltageCmd), (8 bytes).
    Removing stm32f4xx_pwr_1.o(.text.PWR_FlashPowerDownCmd), (10 bytes).
    Removing stm32f4xx_pwr_1.o(.ARM.exidx.text.PWR_FlashPowerDownCmd), (8 bytes).
    Removing stm32f4xx_pwr_1.o(.text.PWR_EnterSTOPMode), (70 bytes).
    Removing stm32f4xx_pwr_1.o(.ARM.exidx.text.PWR_EnterSTOPMode), (8 bytes).
    Removing stm32f4xx_pwr_1.o(.text.PWR_EnterUnderDriveSTOPMode), (70 bytes).
    Removing stm32f4xx_pwr_1.o(.ARM.exidx.text.PWR_EnterUnderDriveSTOPMode), (8 bytes).
    Removing stm32f4xx_pwr_1.o(.text.PWR_EnterSTANDBYMode), (36 bytes).
    Removing stm32f4xx_pwr_1.o(.ARM.exidx.text.PWR_EnterSTANDBYMode), (8 bytes).
    Removing stm32f4xx_pwr_1.o(.text.PWR_GetFlagStatus), (18 bytes).
    Removing stm32f4xx_pwr_1.o(.ARM.exidx.text.PWR_GetFlagStatus), (8 bytes).
    Removing stm32f4xx_pwr_1.o(.text.PWR_ClearFlag), (18 bytes).
    Removing stm32f4xx_pwr_1.o(.ARM.exidx.text.PWR_ClearFlag), (8 bytes).
    Removing stm32f4xx_qspi_1.o(.text), (0 bytes).
    Removing stm32f4xx_rcc_1.o(.text), (0 bytes).
    Removing stm32f4xx_rcc_1.o(.text.RCC_DeInit), (72 bytes).
    Removing stm32f4xx_rcc_1.o(.ARM.exidx.text.RCC_DeInit), (8 bytes).
    Removing stm32f4xx_rcc_1.o(.text.RCC_HSEConfig), (16 bytes).
    Removing stm32f4xx_rcc_1.o(.ARM.exidx.text.RCC_HSEConfig), (8 bytes).
    Removing stm32f4xx_rcc_1.o(.text.RCC_WaitForHSEStartUp), (48 bytes).
    Removing stm32f4xx_rcc_1.o(.ARM.exidx.text.RCC_WaitForHSEStartUp), (8 bytes).
    Removing stm32f4xx_rcc_1.o(.text.RCC_GetFlagStatus), (38 bytes).
    Removing stm32f4xx_rcc_1.o(.ARM.exidx.text.RCC_GetFlagStatus), (8 bytes).
    Removing stm32f4xx_rcc_1.o(.text.RCC_AdjustHSICalibrationValue), (22 bytes).
    Removing stm32f4xx_rcc_1.o(.ARM.exidx.text.RCC_AdjustHSICalibrationValue), (8 bytes).
    Removing stm32f4xx_rcc_1.o(.text.RCC_HSICmd), (10 bytes).
    Removing stm32f4xx_rcc_1.o(.ARM.exidx.text.RCC_HSICmd), (8 bytes).
    Removing stm32f4xx_rcc_1.o(.text.RCC_LSEConfig), (30 bytes).
    Removing stm32f4xx_rcc_1.o(.ARM.exidx.text.RCC_LSEConfig), (8 bytes).
    Removing stm32f4xx_rcc_1.o(.text.RCC_LSICmd), (12 bytes).
    Removing stm32f4xx_rcc_1.o(.ARM.exidx.text.RCC_LSICmd), (8 bytes).
    Removing stm32f4xx_rcc_1.o(.text.RCC_PLLConfig), (46 bytes).
    Removing stm32f4xx_rcc_1.o(.ARM.exidx.text.RCC_PLLConfig), (8 bytes).
    Removing stm32f4xx_rcc_1.o(.text.RCC_PLLCmd), (10 bytes).
    Removing stm32f4xx_rcc_1.o(.ARM.exidx.text.RCC_PLLCmd), (8 bytes).
    Removing stm32f4xx_rcc_1.o(.text.RCC_PLLI2SConfig), (18 bytes).
    Removing stm32f4xx_rcc_1.o(.ARM.exidx.text.RCC_PLLI2SConfig), (8 bytes).
    Removing stm32f4xx_rcc_1.o(.text.RCC_PLLI2SCmd), (10 bytes).
    Removing stm32f4xx_rcc_1.o(.ARM.exidx.text.RCC_PLLI2SCmd), (8 bytes).
    Removing stm32f4xx_rcc_1.o(.text.RCC_PLLSAIConfig), (22 bytes).
    Removing stm32f4xx_rcc_1.o(.ARM.exidx.text.RCC_PLLSAIConfig), (8 bytes).
    Removing stm32f4xx_rcc_1.o(.text.RCC_PLLSAICmd), (10 bytes).
    Removing stm32f4xx_rcc_1.o(.ARM.exidx.text.RCC_PLLSAICmd), (8 bytes).
    Removing stm32f4xx_rcc_1.o(.text.RCC_ClockSecuritySystemCmd), (10 bytes).
    Removing stm32f4xx_rcc_1.o(.ARM.exidx.text.RCC_ClockSecuritySystemCmd), (8 bytes).
    Removing stm32f4xx_rcc_1.o(.text.RCC_MCO1Config), (22 bytes).
    Removing stm32f4xx_rcc_1.o(.ARM.exidx.text.RCC_MCO1Config), (8 bytes).
    Removing stm32f4xx_rcc_1.o(.text.RCC_MCO2Config), (22 bytes).
    Removing stm32f4xx_rcc_1.o(.ARM.exidx.text.RCC_MCO2Config), (8 bytes).
    Removing stm32f4xx_rcc_1.o(.text.RCC_SYSCLKConfig), (20 bytes).
    Removing stm32f4xx_rcc_1.o(.ARM.exidx.text.RCC_SYSCLKConfig), (8 bytes).
    Removing stm32f4xx_rcc_1.o(.text.RCC_GetSYSCLKSource), (16 bytes).
    Removing stm32f4xx_rcc_1.o(.ARM.exidx.text.RCC_GetSYSCLKSource), (8 bytes).
    Removing stm32f4xx_rcc_1.o(.text.RCC_HCLKConfig), (20 bytes).
    Removing stm32f4xx_rcc_1.o(.ARM.exidx.text.RCC_HCLKConfig), (8 bytes).
    Removing stm32f4xx_rcc_1.o(.text.RCC_PCLK1Config), (20 bytes).
    Removing stm32f4xx_rcc_1.o(.ARM.exidx.text.RCC_PCLK1Config), (8 bytes).
    Removing stm32f4xx_rcc_1.o(.text.RCC_PCLK2Config), (22 bytes).
    Removing stm32f4xx_rcc_1.o(.ARM.exidx.text.RCC_PCLK2Config), (8 bytes).
    Removing stm32f4xx_rcc_1.o(.ARM.exidx.text.RCC_GetClocksFreq), (8 bytes).
    Removing stm32f4xx_rcc_1.o(.text.RCC_RTCCLKConfig), (50 bytes).
    Removing stm32f4xx_rcc_1.o(.ARM.exidx.text.RCC_RTCCLKConfig), (8 bytes).
    Removing stm32f4xx_rcc_1.o(.text.RCC_RTCCLKCmd), (12 bytes).
    Removing stm32f4xx_rcc_1.o(.ARM.exidx.text.RCC_RTCCLKCmd), (8 bytes).
    Removing stm32f4xx_rcc_1.o(.text.RCC_BackupResetCmd), (12 bytes).
    Removing stm32f4xx_rcc_1.o(.ARM.exidx.text.RCC_BackupResetCmd), (8 bytes).
    Removing stm32f4xx_rcc_1.o(.text.RCC_I2SCLKConfig), (12 bytes).
    Removing stm32f4xx_rcc_1.o(.ARM.exidx.text.RCC_I2SCLKConfig), (8 bytes).
    Removing stm32f4xx_rcc_1.o(.text.RCC_SAIPLLI2SClkDivConfig), (22 bytes).
    Removing stm32f4xx_rcc_1.o(.ARM.exidx.text.RCC_SAIPLLI2SClkDivConfig), (8 bytes).
    Removing stm32f4xx_rcc_1.o(.text.RCC_SAIPLLSAIClkDivConfig), (28 bytes).
    Removing stm32f4xx_rcc_1.o(.ARM.exidx.text.RCC_SAIPLLSAIClkDivConfig), (8 bytes).
    Removing stm32f4xx_rcc_1.o(.text.RCC_LTDCCLKDivConfig), (20 bytes).
    Removing stm32f4xx_rcc_1.o(.ARM.exidx.text.RCC_LTDCCLKDivConfig), (8 bytes).
    Removing stm32f4xx_rcc_1.o(.text.RCC_TIMCLKPresConfig), (12 bytes).
    Removing stm32f4xx_rcc_1.o(.ARM.exidx.text.RCC_TIMCLKPresConfig), (8 bytes).
    Removing stm32f4xx_rcc_1.o(.ARM.exidx.text.RCC_AHB1PeriphClockCmd), (8 bytes).
    Removing stm32f4xx_rcc_1.o(.text.RCC_AHB2PeriphClockCmd), (24 bytes).
    Removing stm32f4xx_rcc_1.o(.ARM.exidx.text.RCC_AHB2PeriphClockCmd), (8 bytes).
    Removing stm32f4xx_rcc_1.o(.text.RCC_APB1PeriphClockCmd), (24 bytes).
    Removing stm32f4xx_rcc_1.o(.ARM.exidx.text.RCC_APB1PeriphClockCmd), (8 bytes).
    Removing stm32f4xx_rcc_1.o(.ARM.exidx.text.RCC_APB2PeriphClockCmd), (8 bytes).
    Removing stm32f4xx_rcc_1.o(.text.RCC_AHB1PeriphResetCmd), (24 bytes).
    Removing stm32f4xx_rcc_1.o(.ARM.exidx.text.RCC_AHB1PeriphResetCmd), (8 bytes).
    Removing stm32f4xx_rcc_1.o(.text.RCC_AHB2PeriphResetCmd), (24 bytes).
    Removing stm32f4xx_rcc_1.o(.ARM.exidx.text.RCC_AHB2PeriphResetCmd), (8 bytes).
    Removing stm32f4xx_rcc_1.o(.text.RCC_APB1PeriphResetCmd), (24 bytes).
    Removing stm32f4xx_rcc_1.o(.ARM.exidx.text.RCC_APB1PeriphResetCmd), (8 bytes).
    Removing stm32f4xx_rcc_1.o(.text.RCC_APB2PeriphResetCmd), (24 bytes).
    Removing stm32f4xx_rcc_1.o(.ARM.exidx.text.RCC_APB2PeriphResetCmd), (8 bytes).
    Removing stm32f4xx_rcc_1.o(.text.RCC_AHB1PeriphClockLPModeCmd), (24 bytes).
    Removing stm32f4xx_rcc_1.o(.ARM.exidx.text.RCC_AHB1PeriphClockLPModeCmd), (8 bytes).
    Removing stm32f4xx_rcc_1.o(.text.RCC_AHB2PeriphClockLPModeCmd), (24 bytes).
    Removing stm32f4xx_rcc_1.o(.ARM.exidx.text.RCC_AHB2PeriphClockLPModeCmd), (8 bytes).
    Removing stm32f4xx_rcc_1.o(.text.RCC_APB1PeriphClockLPModeCmd), (24 bytes).
    Removing stm32f4xx_rcc_1.o(.ARM.exidx.text.RCC_APB1PeriphClockLPModeCmd), (8 bytes).
    Removing stm32f4xx_rcc_1.o(.text.RCC_APB2PeriphClockLPModeCmd), (24 bytes).
    Removing stm32f4xx_rcc_1.o(.ARM.exidx.text.RCC_APB2PeriphClockLPModeCmd), (8 bytes).
    Removing stm32f4xx_rcc_1.o(.text.RCC_LSEModeConfig), (24 bytes).
    Removing stm32f4xx_rcc_1.o(.ARM.exidx.text.RCC_LSEModeConfig), (8 bytes).
    Removing stm32f4xx_rcc_1.o(.text.RCC_ITConfig), (24 bytes).
    Removing stm32f4xx_rcc_1.o(.ARM.exidx.text.RCC_ITConfig), (8 bytes).
    Removing stm32f4xx_rcc_1.o(.text.RCC_ClearFlag), (18 bytes).
    Removing stm32f4xx_rcc_1.o(.ARM.exidx.text.RCC_ClearFlag), (8 bytes).
    Removing stm32f4xx_rcc_1.o(.text.RCC_GetITStatus), (18 bytes).
    Removing stm32f4xx_rcc_1.o(.ARM.exidx.text.RCC_GetITStatus), (8 bytes).
    Removing stm32f4xx_rcc_1.o(.text.RCC_ClearITPendingBit), (12 bytes).
    Removing stm32f4xx_rcc_1.o(.ARM.exidx.text.RCC_ClearITPendingBit), (8 bytes).
    Removing stm32f4xx_rng_1.o(.text), (0 bytes).
    Removing stm32f4xx_rtc_1.o(.text), (0 bytes).
    Removing stm32f4xx_rtc_1.o(.text.RTC_DeInit), (228 bytes).
    Removing stm32f4xx_rtc_1.o(.ARM.exidx.text.RTC_DeInit), (8 bytes).
    Removing stm32f4xx_rtc_1.o(.text.RTC_EnterInitMode), (64 bytes).
    Removing stm32f4xx_rtc_1.o(.ARM.exidx.text.RTC_EnterInitMode), (8 bytes).
    Removing stm32f4xx_rtc_1.o(.text.RTC_WaitForSynchro), (68 bytes).
    Removing stm32f4xx_rtc_1.o(.ARM.exidx.text.RTC_WaitForSynchro), (8 bytes).
    Removing stm32f4xx_rtc_1.o(.text.RTC_Init), (124 bytes).
    Removing stm32f4xx_rtc_1.o(.ARM.exidx.text.RTC_Init), (8 bytes).
    Removing stm32f4xx_rtc_1.o(.text.RTC_ExitInitMode), (18 bytes).
    Removing stm32f4xx_rtc_1.o(.ARM.exidx.text.RTC_ExitInitMode), (8 bytes).
    Removing stm32f4xx_rtc_1.o(.text.RTC_StructInit), (10 bytes).
    Removing stm32f4xx_rtc_1.o(.ARM.exidx.text.RTC_StructInit), (8 bytes).
    Removing stm32f4xx_rtc_1.o(.text.RTC_WriteProtectionCmd), (24 bytes).
    Removing stm32f4xx_rtc_1.o(.ARM.exidx.text.RTC_WriteProtectionCmd), (8 bytes).
    Removing stm32f4xx_rtc_1.o(.text.RTC_RefClockCmd), (104 bytes).
    Removing stm32f4xx_rtc_1.o(.ARM.exidx.text.RTC_RefClockCmd), (8 bytes).
    Removing stm32f4xx_rtc_1.o(.text.RTC_BypassShadowCmd), (44 bytes).
    Removing stm32f4xx_rtc_1.o(.ARM.exidx.text.RTC_BypassShadowCmd), (8 bytes).
    Removing stm32f4xx_rtc_1.o(.text.RTC_SetTime), (344 bytes).
    Removing stm32f4xx_rtc_1.o(.ARM.exidx.text.RTC_SetTime), (8 bytes).
    Removing stm32f4xx_rtc_1.o(.text.RTC_TimeStructInit), (6 bytes).
    Removing stm32f4xx_rtc_1.o(.ARM.exidx.text.RTC_TimeStructInit), (8 bytes).
    Removing stm32f4xx_rtc_1.o(.text.RTC_GetTime), (106 bytes).
    Removing stm32f4xx_rtc_1.o(.ARM.exidx.text.RTC_GetTime), (8 bytes).
    Removing stm32f4xx_rtc_1.o(.text.RTC_GetSubSecond), (14 bytes).
    Removing stm32f4xx_rtc_1.o(.ARM.exidx.text.RTC_GetSubSecond), (8 bytes).
    Removing stm32f4xx_rtc_1.o(.text.RTC_SetDate), (332 bytes).
    Removing stm32f4xx_rtc_1.o(.ARM.exidx.text.RTC_SetDate), (8 bytes).
    Removing stm32f4xx_rtc_1.o(.text.RTC_DateStructInit), (12 bytes).
    Removing stm32f4xx_rtc_1.o(.ARM.exidx.text.RTC_DateStructInit), (8 bytes).
    Removing stm32f4xx_rtc_1.o(.text.RTC_GetDate), (104 bytes).
    Removing stm32f4xx_rtc_1.o(.ARM.exidx.text.RTC_GetDate), (8 bytes).
    Removing stm32f4xx_rtc_1.o(.text.RTC_SetAlarm), (282 bytes).
    Removing stm32f4xx_rtc_1.o(.ARM.exidx.text.RTC_SetAlarm), (8 bytes).
    Removing stm32f4xx_rtc_1.o(.text.RTC_AlarmStructInit), (14 bytes).
    Removing stm32f4xx_rtc_1.o(.ARM.exidx.text.RTC_AlarmStructInit), (8 bytes).
    Removing stm32f4xx_rtc_1.o(.text.RTC_GetAlarm), (158 bytes).
    Removing stm32f4xx_rtc_1.o(.ARM.exidx.text.RTC_GetAlarm), (8 bytes).
    Removing stm32f4xx_rtc_1.o(.text.RTC_AlarmCmd), (80 bytes).
    Removing stm32f4xx_rtc_1.o(.ARM.exidx.text.RTC_AlarmCmd), (8 bytes).
    Removing stm32f4xx_rtc_1.o(.text.RTC_AlarmSubSecondConfig), (46 bytes).
    Removing stm32f4xx_rtc_1.o(.ARM.exidx.text.RTC_AlarmSubSecondConfig), (8 bytes).
    Removing stm32f4xx_rtc_1.o(.text.RTC_GetAlarmSubSecond), (32 bytes).
    Removing stm32f4xx_rtc_1.o(.ARM.exidx.text.RTC_GetAlarmSubSecond), (8 bytes).
    Removing stm32f4xx_rtc_1.o(.text.RTC_WakeUpClockConfig), (36 bytes).
    Removing stm32f4xx_rtc_1.o(.ARM.exidx.text.RTC_WakeUpClockConfig), (8 bytes).
    Removing stm32f4xx_rtc_1.o(.text.RTC_SetWakeUpCounter), (26 bytes).
    Removing stm32f4xx_rtc_1.o(.ARM.exidx.text.RTC_SetWakeUpCounter), (8 bytes).
    Removing stm32f4xx_rtc_1.o(.text.RTC_GetWakeUpCounter), (14 bytes).
    Removing stm32f4xx_rtc_1.o(.ARM.exidx.text.RTC_GetWakeUpCounter), (8 bytes).
    Removing stm32f4xx_rtc_1.o(.text.RTC_WakeUpCmd), (80 bytes).
    Removing stm32f4xx_rtc_1.o(.ARM.exidx.text.RTC_WakeUpCmd), (8 bytes).
    Removing stm32f4xx_rtc_1.o(.text.RTC_DayLightSavingConfig), (38 bytes).
    Removing stm32f4xx_rtc_1.o(.ARM.exidx.text.RTC_DayLightSavingConfig), (8 bytes).
    Removing stm32f4xx_rtc_1.o(.text.RTC_GetStoreOperation), (16 bytes).
    Removing stm32f4xx_rtc_1.o(.ARM.exidx.text.RTC_GetStoreOperation), (8 bytes).
    Removing stm32f4xx_rtc_1.o(.text.RTC_OutputConfig), (38 bytes).
    Removing stm32f4xx_rtc_1.o(.ARM.exidx.text.RTC_OutputConfig), (8 bytes).
    Removing stm32f4xx_rtc_1.o(.text.RTC_CoarseCalibConfig), (110 bytes).
    Removing stm32f4xx_rtc_1.o(.ARM.exidx.text.RTC_CoarseCalibConfig), (8 bytes).
    Removing stm32f4xx_rtc_1.o(.text.RTC_CoarseCalibCmd), (104 bytes).
    Removing stm32f4xx_rtc_1.o(.ARM.exidx.text.RTC_CoarseCalibCmd), (8 bytes).
    Removing stm32f4xx_rtc_1.o(.text.RTC_CalibOutputCmd), (44 bytes).
    Removing stm32f4xx_rtc_1.o(.ARM.exidx.text.RTC_CalibOutputCmd), (8 bytes).
    Removing stm32f4xx_rtc_1.o(.text.RTC_CalibOutputConfig), (36 bytes).
    Removing stm32f4xx_rtc_1.o(.ARM.exidx.text.RTC_CalibOutputConfig), (8 bytes).
    Removing stm32f4xx_rtc_1.o(.text.RTC_SmoothCalibConfig), (88 bytes).
    Removing stm32f4xx_rtc_1.o(.ARM.exidx.text.RTC_SmoothCalibConfig), (8 bytes).
    Removing stm32f4xx_rtc_1.o(.text.RTC_TimeStampCmd), (48 bytes).
    Removing stm32f4xx_rtc_1.o(.ARM.exidx.text.RTC_TimeStampCmd), (8 bytes).
    Removing stm32f4xx_rtc_1.o(.text.RTC_GetTimeStamp), (190 bytes).
    Removing stm32f4xx_rtc_1.o(.ARM.exidx.text.RTC_GetTimeStamp), (8 bytes).
    Removing stm32f4xx_rtc_1.o(.text.RTC_GetTimeStampSubSecond), (12 bytes).
    Removing stm32f4xx_rtc_1.o(.ARM.exidx.text.RTC_GetTimeStampSubSecond), (8 bytes).
    Removing stm32f4xx_rtc_1.o(.text.RTC_TamperTriggerConfig), (26 bytes).
    Removing stm32f4xx_rtc_1.o(.ARM.exidx.text.RTC_TamperTriggerConfig), (8 bytes).
    Removing stm32f4xx_rtc_1.o(.text.RTC_TamperCmd), (24 bytes).
    Removing stm32f4xx_rtc_1.o(.ARM.exidx.text.RTC_TamperCmd), (8 bytes).
    Removing stm32f4xx_rtc_1.o(.text.RTC_TamperFilterConfig), (24 bytes).
    Removing stm32f4xx_rtc_1.o(.ARM.exidx.text.RTC_TamperFilterConfig), (8 bytes).
    Removing stm32f4xx_rtc_1.o(.text.RTC_TamperSamplingFreqConfig), (24 bytes).
    Removing stm32f4xx_rtc_1.o(.ARM.exidx.text.RTC_TamperSamplingFreqConfig), (8 bytes).
    Removing stm32f4xx_rtc_1.o(.text.RTC_TamperPinsPrechargeDuration), (24 bytes).
    Removing stm32f4xx_rtc_1.o(.ARM.exidx.text.RTC_TamperPinsPrechargeDuration), (8 bytes).
    Removing stm32f4xx_rtc_1.o(.text.RTC_TimeStampOnTamperDetectionCmd), (24 bytes).
    Removing stm32f4xx_rtc_1.o(.ARM.exidx.text.RTC_TimeStampOnTamperDetectionCmd), (8 bytes).
    Removing stm32f4xx_rtc_1.o(.text.RTC_TamperPullUpCmd), (26 bytes).
    Removing stm32f4xx_rtc_1.o(.ARM.exidx.text.RTC_TamperPullUpCmd), (8 bytes).
    Removing stm32f4xx_rtc_1.o(.text.RTC_WriteBackupRegister), (32 bytes).
    Removing stm32f4xx_rtc_1.o(.ARM.exidx.text.RTC_WriteBackupRegister), (8 bytes).
    Removing stm32f4xx_rtc_1.o(.text.RTC_ReadBackupRegister), (32 bytes).
    Removing stm32f4xx_rtc_1.o(.ARM.exidx.text.RTC_ReadBackupRegister), (8 bytes).
    Removing stm32f4xx_rtc_1.o(.text.RTC_TamperPinSelection), (24 bytes).
    Removing stm32f4xx_rtc_1.o(.ARM.exidx.text.RTC_TamperPinSelection), (8 bytes).
    Removing stm32f4xx_rtc_1.o(.text.RTC_TimeStampPinSelection), (24 bytes).
    Removing stm32f4xx_rtc_1.o(.ARM.exidx.text.RTC_TimeStampPinSelection), (8 bytes).
    Removing stm32f4xx_rtc_1.o(.text.RTC_OutputTypeConfig), (24 bytes).
    Removing stm32f4xx_rtc_1.o(.ARM.exidx.text.RTC_OutputTypeConfig), (8 bytes).
    Removing stm32f4xx_rtc_1.o(.text.RTC_SynchroShiftConfig), (166 bytes).
    Removing stm32f4xx_rtc_1.o(.ARM.exidx.text.RTC_SynchroShiftConfig), (8 bytes).
    Removing stm32f4xx_rtc_1.o(.text.RTC_ITConfig), (68 bytes).
    Removing stm32f4xx_rtc_1.o(.ARM.exidx.text.RTC_ITConfig), (8 bytes).
    Removing stm32f4xx_rtc_1.o(.text.RTC_GetFlagStatus), (28 bytes).
    Removing stm32f4xx_rtc_1.o(.ARM.exidx.text.RTC_GetFlagStatus), (8 bytes).
    Removing stm32f4xx_rtc_1.o(.text.RTC_ClearFlag), (32 bytes).
    Removing stm32f4xx_rtc_1.o(.ARM.exidx.text.RTC_ClearFlag), (8 bytes).
    Removing stm32f4xx_rtc_1.o(.text.RTC_GetITStatus), (56 bytes).
    Removing stm32f4xx_rtc_1.o(.ARM.exidx.text.RTC_GetITStatus), (8 bytes).
    Removing stm32f4xx_rtc_1.o(.text.RTC_ClearITPendingBit), (34 bytes).
    Removing stm32f4xx_rtc_1.o(.ARM.exidx.text.RTC_ClearITPendingBit), (8 bytes).
    Removing stm32f4xx_sai_1.o(.text), (0 bytes).
    Removing stm32f4xx_sai_1.o(.text.SAI_DeInit), (40 bytes).
    Removing stm32f4xx_sai_1.o(.ARM.exidx.text.SAI_DeInit), (8 bytes).
    Removing stm32f4xx_sai_1.o(.text.SAI_Init), (86 bytes).
    Removing stm32f4xx_sai_1.o(.ARM.exidx.text.SAI_Init), (8 bytes).
    Removing stm32f4xx_sai_1.o(.text.SAI_FrameInit), (54 bytes).
    Removing stm32f4xx_sai_1.o(.ARM.exidx.text.SAI_FrameInit), (8 bytes).
    Removing stm32f4xx_sai_1.o(.text.SAI_SlotInit), (44 bytes).
    Removing stm32f4xx_sai_1.o(.ARM.exidx.text.SAI_SlotInit), (8 bytes).
    Removing stm32f4xx_sai_1.o(.text.SAI_StructInit), (28 bytes).
    Removing stm32f4xx_sai_1.o(.ARM.exidx.text.SAI_StructInit), (8 bytes).
    Removing stm32f4xx_sai_1.o(.text.SAI_FrameStructInit), (16 bytes).
    Removing stm32f4xx_sai_1.o(.ARM.exidx.text.SAI_FrameStructInit), (8 bytes).
    Removing stm32f4xx_sai_1.o(.text.SAI_SlotStructInit), (14 bytes).
    Removing stm32f4xx_sai_1.o(.ARM.exidx.text.SAI_SlotStructInit), (8 bytes).
    Removing stm32f4xx_sai_1.o(.text.SAI_Cmd), (18 bytes).
    Removing stm32f4xx_sai_1.o(.ARM.exidx.text.SAI_Cmd), (8 bytes).
    Removing stm32f4xx_sai_1.o(.text.SAI_MonoModeConfig), (18 bytes).
    Removing stm32f4xx_sai_1.o(.ARM.exidx.text.SAI_MonoModeConfig), (8 bytes).
    Removing stm32f4xx_sai_1.o(.text.SAI_TRIStateConfig), (18 bytes).
    Removing stm32f4xx_sai_1.o(.ARM.exidx.text.SAI_TRIStateConfig), (8 bytes).
    Removing stm32f4xx_sai_1.o(.text.SAI_CompandingModeConfig), (16 bytes).
    Removing stm32f4xx_sai_1.o(.ARM.exidx.text.SAI_CompandingModeConfig), (8 bytes).
    Removing stm32f4xx_sai_1.o(.text.SAI_MuteModeCmd), (16 bytes).
    Removing stm32f4xx_sai_1.o(.ARM.exidx.text.SAI_MuteModeCmd), (8 bytes).
    Removing stm32f4xx_sai_1.o(.text.SAI_MuteValueConfig), (16 bytes).
    Removing stm32f4xx_sai_1.o(.ARM.exidx.text.SAI_MuteValueConfig), (8 bytes).
    Removing stm32f4xx_sai_1.o(.text.SAI_MuteFrameCounterConfig), (18 bytes).
    Removing stm32f4xx_sai_1.o(.ARM.exidx.text.SAI_MuteFrameCounterConfig), (8 bytes).
    Removing stm32f4xx_sai_1.o(.text.SAI_FlushFIFO), (10 bytes).
    Removing stm32f4xx_sai_1.o(.ARM.exidx.text.SAI_FlushFIFO), (8 bytes).
    Removing stm32f4xx_sai_1.o(.text.SAI_ReceiveData), (4 bytes).
    Removing stm32f4xx_sai_1.o(.ARM.exidx.text.SAI_ReceiveData), (8 bytes).
    Removing stm32f4xx_sai_1.o(.text.SAI_SendData), (4 bytes).
    Removing stm32f4xx_sai_1.o(.ARM.exidx.text.SAI_SendData), (8 bytes).
    Removing stm32f4xx_sai_1.o(.text.SAI_DMACmd), (18 bytes).
    Removing stm32f4xx_sai_1.o(.ARM.exidx.text.SAI_DMACmd), (8 bytes).
    Removing stm32f4xx_sai_1.o(.text.SAI_ITConfig), (16 bytes).
    Removing stm32f4xx_sai_1.o(.ARM.exidx.text.SAI_ITConfig), (8 bytes).
    Removing stm32f4xx_sai_1.o(.text.SAI_GetFlagStatus), (10 bytes).
    Removing stm32f4xx_sai_1.o(.ARM.exidx.text.SAI_GetFlagStatus), (8 bytes).
    Removing stm32f4xx_sai_1.o(.text.SAI_ClearFlag), (8 bytes).
    Removing stm32f4xx_sai_1.o(.ARM.exidx.text.SAI_ClearFlag), (8 bytes).
    Removing stm32f4xx_sai_1.o(.text.SAI_GetITStatus), (22 bytes).
    Removing stm32f4xx_sai_1.o(.ARM.exidx.text.SAI_GetITStatus), (8 bytes).
    Removing stm32f4xx_sai_1.o(.text.SAI_ClearITPendingBit), (8 bytes).
    Removing stm32f4xx_sai_1.o(.ARM.exidx.text.SAI_ClearITPendingBit), (8 bytes).
    Removing stm32f4xx_sai_1.o(.text.SAI_GetCmdStatus), (8 bytes).
    Removing stm32f4xx_sai_1.o(.ARM.exidx.text.SAI_GetCmdStatus), (8 bytes).
    Removing stm32f4xx_sai_1.o(.text.SAI_GetFIFOStatus), (8 bytes).
    Removing stm32f4xx_sai_1.o(.ARM.exidx.text.SAI_GetFIFOStatus), (8 bytes).
    Removing stm32f4xx_sdio_1.o(.text), (0 bytes).
    Removing stm32f4xx_sdio_1.o(.text.SDIO_DeInit), (26 bytes).
    Removing stm32f4xx_sdio_1.o(.ARM.exidx.text.SDIO_DeInit), (8 bytes).
    Removing stm32f4xx_sdio_1.o(.text.SDIO_Init), (52 bytes).
    Removing stm32f4xx_sdio_1.o(.ARM.exidx.text.SDIO_Init), (8 bytes).
    Removing stm32f4xx_sdio_1.o(.text.SDIO_StructInit), (16 bytes).
    Removing stm32f4xx_sdio_1.o(.ARM.exidx.text.SDIO_StructInit), (8 bytes).
    Removing stm32f4xx_sdio_1.o(.text.SDIO_ClockCmd), (12 bytes).
    Removing stm32f4xx_sdio_1.o(.ARM.exidx.text.SDIO_ClockCmd), (8 bytes).
    Removing stm32f4xx_sdio_1.o(.text.SDIO_SetPowerState), (12 bytes).
    Removing stm32f4xx_sdio_1.o(.ARM.exidx.text.SDIO_SetPowerState), (8 bytes).
    Removing stm32f4xx_sdio_1.o(.text.SDIO_GetPowerState), (16 bytes).
    Removing stm32f4xx_sdio_1.o(.ARM.exidx.text.SDIO_GetPowerState), (8 bytes).
    Removing stm32f4xx_sdio_1.o(.text.SDIO_SendCommand), (46 bytes).
    Removing stm32f4xx_sdio_1.o(.ARM.exidx.text.SDIO_SendCommand), (8 bytes).
    Removing stm32f4xx_sdio_1.o(.text.SDIO_CmdStructInit), (14 bytes).
    Removing stm32f4xx_sdio_1.o(.ARM.exidx.text.SDIO_CmdStructInit), (8 bytes).
    Removing stm32f4xx_sdio_1.o(.text.SDIO_GetCommandResponse), (14 bytes).
    Removing stm32f4xx_sdio_1.o(.ARM.exidx.text.SDIO_GetCommandResponse), (8 bytes).
    Removing stm32f4xx_sdio_1.o(.text.SDIO_GetResponse), (26 bytes).
    Removing stm32f4xx_sdio_1.o(.ARM.exidx.text.SDIO_GetResponse), (8 bytes).
    Removing stm32f4xx_sdio_1.o(.text.SDIO_DataConfig), (52 bytes).
    Removing stm32f4xx_sdio_1.o(.ARM.exidx.text.SDIO_DataConfig), (8 bytes).
    Removing stm32f4xx_sdio_1.o(.text.SDIO_DataStructInit), (20 bytes).
    Removing stm32f4xx_sdio_1.o(.ARM.exidx.text.SDIO_DataStructInit), (8 bytes).
    Removing stm32f4xx_sdio_1.o(.text.SDIO_GetDataCounter), (12 bytes).
    Removing stm32f4xx_sdio_1.o(.ARM.exidx.text.SDIO_GetDataCounter), (8 bytes).
    Removing stm32f4xx_sdio_1.o(.text.SDIO_ReadData), (12 bytes).
    Removing stm32f4xx_sdio_1.o(.ARM.exidx.text.SDIO_ReadData), (8 bytes).
    Removing stm32f4xx_sdio_1.o(.text.SDIO_WriteData), (12 bytes).
    Removing stm32f4xx_sdio_1.o(.ARM.exidx.text.SDIO_WriteData), (8 bytes).
    Removing stm32f4xx_sdio_1.o(.text.SDIO_GetFIFOCount), (12 bytes).
    Removing stm32f4xx_sdio_1.o(.ARM.exidx.text.SDIO_GetFIFOCount), (8 bytes).
    Removing stm32f4xx_sdio_1.o(.text.SDIO_StartSDIOReadWait), (12 bytes).
    Removing stm32f4xx_sdio_1.o(.ARM.exidx.text.SDIO_StartSDIOReadWait), (8 bytes).
    Removing stm32f4xx_sdio_1.o(.text.SDIO_StopSDIOReadWait), (12 bytes).
    Removing stm32f4xx_sdio_1.o(.ARM.exidx.text.SDIO_StopSDIOReadWait), (8 bytes).
    Removing stm32f4xx_sdio_1.o(.text.SDIO_SetSDIOReadWaitMode), (12 bytes).
    Removing stm32f4xx_sdio_1.o(.ARM.exidx.text.SDIO_SetSDIOReadWaitMode), (8 bytes).
    Removing stm32f4xx_sdio_1.o(.text.SDIO_SetSDIOOperation), (12 bytes).
    Removing stm32f4xx_sdio_1.o(.ARM.exidx.text.SDIO_SetSDIOOperation), (8 bytes).
    Removing stm32f4xx_sdio_1.o(.text.SDIO_SendSDIOSuspendCmd), (12 bytes).
    Removing stm32f4xx_sdio_1.o(.ARM.exidx.text.SDIO_SendSDIOSuspendCmd), (8 bytes).
    Removing stm32f4xx_sdio_1.o(.text.SDIO_CommandCompletionCmd), (12 bytes).
    Removing stm32f4xx_sdio_1.o(.ARM.exidx.text.SDIO_CommandCompletionCmd), (8 bytes).
    Removing stm32f4xx_sdio_1.o(.text.SDIO_CEATAITCmd), (18 bytes).
    Removing stm32f4xx_sdio_1.o(.ARM.exidx.text.SDIO_CEATAITCmd), (8 bytes).
    Removing stm32f4xx_sdio_1.o(.text.SDIO_SendCEATACmd), (12 bytes).
    Removing stm32f4xx_sdio_1.o(.ARM.exidx.text.SDIO_SendCEATACmd), (8 bytes).
    Removing stm32f4xx_sdio_1.o(.text.SDIO_DMACmd), (12 bytes).
    Removing stm32f4xx_sdio_1.o(.ARM.exidx.text.SDIO_DMACmd), (8 bytes).
    Removing stm32f4xx_sdio_1.o(.text.SDIO_ITConfig), (24 bytes).
    Removing stm32f4xx_sdio_1.o(.ARM.exidx.text.SDIO_ITConfig), (8 bytes).
    Removing stm32f4xx_sdio_1.o(.text.SDIO_GetFlagStatus), (18 bytes).
    Removing stm32f4xx_sdio_1.o(.ARM.exidx.text.SDIO_GetFlagStatus), (8 bytes).
    Removing stm32f4xx_sdio_1.o(.text.SDIO_ClearFlag), (12 bytes).
    Removing stm32f4xx_sdio_1.o(.ARM.exidx.text.SDIO_ClearFlag), (8 bytes).
    Removing stm32f4xx_sdio_1.o(.text.SDIO_GetITStatus), (18 bytes).
    Removing stm32f4xx_sdio_1.o(.ARM.exidx.text.SDIO_GetITStatus), (8 bytes).
    Removing stm32f4xx_sdio_1.o(.text.SDIO_ClearITPendingBit), (12 bytes).
    Removing stm32f4xx_sdio_1.o(.ARM.exidx.text.SDIO_ClearITPendingBit), (8 bytes).
    Removing stm32f4xx_spdifrx_1.o(.text), (0 bytes).
    Removing stm32f4xx_spi_1.o(.text), (0 bytes).
    Removing stm32f4xx_spi_1.o(.text.SPI_I2S_DeInit), (202 bytes).
    Removing stm32f4xx_spi_1.o(.ARM.exidx.text.SPI_I2S_DeInit), (8 bytes).
    Removing stm32f4xx_spi_1.o(.text.SPI_Init), (70 bytes).
    Removing stm32f4xx_spi_1.o(.ARM.exidx.text.SPI_Init), (8 bytes).
    Removing stm32f4xx_spi_1.o(.text.I2S_Init), (224 bytes).
    Removing stm32f4xx_spi_1.o(.ARM.exidx.text.I2S_Init), (8 bytes).
    Removing stm32f4xx_spi_1.o(.text.SPI_StructInit), (16 bytes).
    Removing stm32f4xx_spi_1.o(.ARM.exidx.text.SPI_StructInit), (8 bytes).
    Removing stm32f4xx_spi_1.o(.text.I2S_StructInit), (14 bytes).
    Removing stm32f4xx_spi_1.o(.ARM.exidx.text.I2S_StructInit), (8 bytes).
    Removing stm32f4xx_spi_1.o(.text.SPI_Cmd), (20 bytes).
    Removing stm32f4xx_spi_1.o(.ARM.exidx.text.SPI_Cmd), (8 bytes).
    Removing stm32f4xx_spi_1.o(.text.I2S_Cmd), (20 bytes).
    Removing stm32f4xx_spi_1.o(.ARM.exidx.text.I2S_Cmd), (8 bytes).
    Removing stm32f4xx_spi_1.o(.text.SPI_DataSizeConfig), (16 bytes).
    Removing stm32f4xx_spi_1.o(.ARM.exidx.text.SPI_DataSizeConfig), (8 bytes).
    Removing stm32f4xx_spi_1.o(.text.SPI_BiDirectionalLineConfig), (24 bytes).
    Removing stm32f4xx_spi_1.o(.ARM.exidx.text.SPI_BiDirectionalLineConfig), (8 bytes).
    Removing stm32f4xx_spi_1.o(.text.SPI_NSSInternalSoftwareConfig), (24 bytes).
    Removing stm32f4xx_spi_1.o(.ARM.exidx.text.SPI_NSSInternalSoftwareConfig), (8 bytes).
    Removing stm32f4xx_spi_1.o(.text.SPI_SSOutputCmd), (20 bytes).
    Removing stm32f4xx_spi_1.o(.ARM.exidx.text.SPI_SSOutputCmd), (8 bytes).
    Removing stm32f4xx_spi_1.o(.text.SPI_TIModeCmd), (20 bytes).
    Removing stm32f4xx_spi_1.o(.ARM.exidx.text.SPI_TIModeCmd), (8 bytes).
    Removing stm32f4xx_spi_1.o(.text.I2S_FullDuplexConfig), (80 bytes).
    Removing stm32f4xx_spi_1.o(.ARM.exidx.text.I2S_FullDuplexConfig), (8 bytes).
    Removing stm32f4xx_spi_1.o(.text.SPI_I2S_ReceiveData), (4 bytes).
    Removing stm32f4xx_spi_1.o(.ARM.exidx.text.SPI_I2S_ReceiveData), (8 bytes).
    Removing stm32f4xx_spi_1.o(.text.SPI_I2S_SendData), (4 bytes).
    Removing stm32f4xx_spi_1.o(.ARM.exidx.text.SPI_I2S_SendData), (8 bytes).
    Removing stm32f4xx_spi_1.o(.text.SPI_CalculateCRC), (20 bytes).
    Removing stm32f4xx_spi_1.o(.ARM.exidx.text.SPI_CalculateCRC), (8 bytes).
    Removing stm32f4xx_spi_1.o(.text.SPI_TransmitCRC), (10 bytes).
    Removing stm32f4xx_spi_1.o(.ARM.exidx.text.SPI_TransmitCRC), (8 bytes).
    Removing stm32f4xx_spi_1.o(.text.SPI_GetCRC), (12 bytes).
    Removing stm32f4xx_spi_1.o(.ARM.exidx.text.SPI_GetCRC), (8 bytes).
    Removing stm32f4xx_spi_1.o(.text.SPI_GetCRCPolynomial), (4 bytes).
    Removing stm32f4xx_spi_1.o(.ARM.exidx.text.SPI_GetCRCPolynomial), (8 bytes).
    Removing stm32f4xx_spi_1.o(.text.SPI_I2S_DMACmd), (16 bytes).
    Removing stm32f4xx_spi_1.o(.ARM.exidx.text.SPI_I2S_DMACmd), (8 bytes).
    Removing stm32f4xx_spi_1.o(.text.SPI_I2S_ITConfig), (24 bytes).
    Removing stm32f4xx_spi_1.o(.ARM.exidx.text.SPI_I2S_ITConfig), (8 bytes).
    Removing stm32f4xx_spi_1.o(.text.SPI_I2S_GetFlagStatus), (10 bytes).
    Removing stm32f4xx_spi_1.o(.ARM.exidx.text.SPI_I2S_GetFlagStatus), (8 bytes).
    Removing stm32f4xx_spi_1.o(.text.SPI_I2S_ClearFlag), (6 bytes).
    Removing stm32f4xx_spi_1.o(.ARM.exidx.text.SPI_I2S_ClearFlag), (8 bytes).
    Removing stm32f4xx_spi_1.o(.text.SPI_I2S_GetITStatus), (24 bytes).
    Removing stm32f4xx_spi_1.o(.ARM.exidx.text.SPI_I2S_GetITStatus), (8 bytes).
    Removing stm32f4xx_spi_1.o(.text.SPI_I2S_ClearITPendingBit), (16 bytes).
    Removing stm32f4xx_spi_1.o(.ARM.exidx.text.SPI_I2S_ClearITPendingBit), (8 bytes).
    Removing stm32f4xx_syscfg_1.o(.text), (0 bytes).
    Removing stm32f4xx_syscfg_1.o(.text.SYSCFG_DeInit), (26 bytes).
    Removing stm32f4xx_syscfg_1.o(.ARM.exidx.text.SYSCFG_DeInit), (8 bytes).
    Removing stm32f4xx_syscfg_1.o(.text.SYSCFG_MemoryRemapConfig), (12 bytes).
    Removing stm32f4xx_syscfg_1.o(.ARM.exidx.text.SYSCFG_MemoryRemapConfig), (8 bytes).
    Removing stm32f4xx_syscfg_1.o(.text.SYSCFG_MemorySwappingBank), (10 bytes).
    Removing stm32f4xx_syscfg_1.o(.ARM.exidx.text.SYSCFG_MemorySwappingBank), (8 bytes).
    Removing stm32f4xx_syscfg_1.o(.text.SYSCFG_EXTILineConfig), (48 bytes).
    Removing stm32f4xx_syscfg_1.o(.ARM.exidx.text.SYSCFG_EXTILineConfig), (8 bytes).
    Removing stm32f4xx_syscfg_1.o(.text.SYSCFG_ETH_MediaInterfaceConfig), (10 bytes).
    Removing stm32f4xx_syscfg_1.o(.ARM.exidx.text.SYSCFG_ETH_MediaInterfaceConfig), (8 bytes).
    Removing stm32f4xx_syscfg_1.o(.text.SYSCFG_CompensationCellCmd), (12 bytes).
    Removing stm32f4xx_syscfg_1.o(.ARM.exidx.text.SYSCFG_CompensationCellCmd), (8 bytes).
    Removing stm32f4xx_syscfg_1.o(.text.SYSCFG_GetCompensationCellStatus), (16 bytes).
    Removing stm32f4xx_syscfg_1.o(.ARM.exidx.text.SYSCFG_GetCompensationCellStatus), (8 bytes).
    Removing stm32f4xx_tim_1.o(.text), (0 bytes).
    Removing stm32f4xx_tim_1.o(.text.TIM_DeInit), (434 bytes).
    Removing stm32f4xx_tim_1.o(.ARM.exidx.text.TIM_DeInit), (8 bytes).
    Removing stm32f4xx_tim_1.o(.text.TIM_TimeBaseInit), (146 bytes).
    Removing stm32f4xx_tim_1.o(.ARM.exidx.text.TIM_TimeBaseInit), (8 bytes).
    Removing stm32f4xx_tim_1.o(.text.TIM_TimeBaseStructInit), (16 bytes).
    Removing stm32f4xx_tim_1.o(.ARM.exidx.text.TIM_TimeBaseStructInit), (8 bytes).
    Removing stm32f4xx_tim_1.o(.text.TIM_PrescalerConfig), (6 bytes).
    Removing stm32f4xx_tim_1.o(.ARM.exidx.text.TIM_PrescalerConfig), (8 bytes).
    Removing stm32f4xx_tim_1.o(.text.TIM_CounterModeConfig), (12 bytes).
    Removing stm32f4xx_tim_1.o(.ARM.exidx.text.TIM_CounterModeConfig), (8 bytes).
    Removing stm32f4xx_tim_1.o(.text.TIM_SetCounter), (4 bytes).
    Removing stm32f4xx_tim_1.o(.ARM.exidx.text.TIM_SetCounter), (8 bytes).
    Removing stm32f4xx_tim_1.o(.text.TIM_SetAutoreload), (4 bytes).
    Removing stm32f4xx_tim_1.o(.ARM.exidx.text.TIM_SetAutoreload), (8 bytes).
    Removing stm32f4xx_tim_1.o(.text.TIM_GetCounter), (4 bytes).
    Removing stm32f4xx_tim_1.o(.ARM.exidx.text.TIM_GetCounter), (8 bytes).
    Removing stm32f4xx_tim_1.o(.text.TIM_GetPrescaler), (4 bytes).
    Removing stm32f4xx_tim_1.o(.ARM.exidx.text.TIM_GetPrescaler), (8 bytes).
    Removing stm32f4xx_tim_1.o(.text.TIM_UpdateDisableConfig), (20 bytes).
    Removing stm32f4xx_tim_1.o(.ARM.exidx.text.TIM_UpdateDisableConfig), (8 bytes).
    Removing stm32f4xx_tim_1.o(.text.TIM_UpdateRequestConfig), (20 bytes).
    Removing stm32f4xx_tim_1.o(.ARM.exidx.text.TIM_UpdateRequestConfig), (8 bytes).
    Removing stm32f4xx_tim_1.o(.text.TIM_ARRPreloadConfig), (20 bytes).
    Removing stm32f4xx_tim_1.o(.ARM.exidx.text.TIM_ARRPreloadConfig), (8 bytes).
    Removing stm32f4xx_tim_1.o(.text.TIM_SelectOnePulseMode), (16 bytes).
    Removing stm32f4xx_tim_1.o(.ARM.exidx.text.TIM_SelectOnePulseMode), (8 bytes).
    Removing stm32f4xx_tim_1.o(.text.TIM_SetClockDivision), (16 bytes).
    Removing stm32f4xx_tim_1.o(.ARM.exidx.text.TIM_SetClockDivision), (8 bytes).
    Removing stm32f4xx_tim_1.o(.text.TIM_Cmd), (18 bytes).
    Removing stm32f4xx_tim_1.o(.ARM.exidx.text.TIM_Cmd), (8 bytes).
    Removing stm32f4xx_tim_1.o(.text.TIM_OC1Init), (102 bytes).
    Removing stm32f4xx_tim_1.o(.ARM.exidx.text.TIM_OC1Init), (8 bytes).
    Removing stm32f4xx_tim_1.o(.text.TIM_OC2Init), (110 bytes).
    Removing stm32f4xx_tim_1.o(.ARM.exidx.text.TIM_OC2Init), (8 bytes).
    Removing stm32f4xx_tim_1.o(.text.TIM_OC3Init), (110 bytes).
    Removing stm32f4xx_tim_1.o(.ARM.exidx.text.TIM_OC3Init), (8 bytes).
    Removing stm32f4xx_tim_1.o(.text.TIM_OC4Init), (82 bytes).
    Removing stm32f4xx_tim_1.o(.ARM.exidx.text.TIM_OC4Init), (8 bytes).
    Removing stm32f4xx_tim_1.o(.text.TIM_OCStructInit), (14 bytes).
    Removing stm32f4xx_tim_1.o(.ARM.exidx.text.TIM_OCStructInit), (8 bytes).
    Removing stm32f4xx_tim_1.o(.text.TIM_SelectOCxM), (88 bytes).
    Removing stm32f4xx_tim_1.o(.ARM.exidx.text.TIM_SelectOCxM), (8 bytes).
    Removing stm32f4xx_tim_1.o(.text.TIM_SetCompare1), (4 bytes).
    Removing stm32f4xx_tim_1.o(.ARM.exidx.text.TIM_SetCompare1), (8 bytes).
    Removing stm32f4xx_tim_1.o(.text.TIM_SetCompare2), (4 bytes).
    Removing stm32f4xx_tim_1.o(.ARM.exidx.text.TIM_SetCompare2), (8 bytes).
    Removing stm32f4xx_tim_1.o(.text.TIM_SetCompare3), (4 bytes).
    Removing stm32f4xx_tim_1.o(.ARM.exidx.text.TIM_SetCompare3), (8 bytes).
    Removing stm32f4xx_tim_1.o(.text.TIM_SetCompare4), (4 bytes).
    Removing stm32f4xx_tim_1.o(.ARM.exidx.text.TIM_SetCompare4), (8 bytes).
    Removing stm32f4xx_tim_1.o(.text.TIM_ForcedOC1Config), (12 bytes).
    Removing stm32f4xx_tim_1.o(.ARM.exidx.text.TIM_ForcedOC1Config), (8 bytes).
    Removing stm32f4xx_tim_1.o(.text.TIM_ForcedOC2Config), (14 bytes).
    Removing stm32f4xx_tim_1.o(.ARM.exidx.text.TIM_ForcedOC2Config), (8 bytes).
    Removing stm32f4xx_tim_1.o(.text.TIM_ForcedOC3Config), (12 bytes).
    Removing stm32f4xx_tim_1.o(.ARM.exidx.text.TIM_ForcedOC3Config), (8 bytes).
    Removing stm32f4xx_tim_1.o(.text.TIM_ForcedOC4Config), (14 bytes).
    Removing stm32f4xx_tim_1.o(.ARM.exidx.text.TIM_ForcedOC4Config), (8 bytes).
    Removing stm32f4xx_tim_1.o(.text.TIM_OC1PreloadConfig), (12 bytes).
    Removing stm32f4xx_tim_1.o(.ARM.exidx.text.TIM_OC1PreloadConfig), (8 bytes).
    Removing stm32f4xx_tim_1.o(.text.TIM_OC2PreloadConfig), (14 bytes).
    Removing stm32f4xx_tim_1.o(.ARM.exidx.text.TIM_OC2PreloadConfig), (8 bytes).
    Removing stm32f4xx_tim_1.o(.text.TIM_OC3PreloadConfig), (12 bytes).
    Removing stm32f4xx_tim_1.o(.ARM.exidx.text.TIM_OC3PreloadConfig), (8 bytes).
    Removing stm32f4xx_tim_1.o(.text.TIM_OC4PreloadConfig), (14 bytes).
    Removing stm32f4xx_tim_1.o(.ARM.exidx.text.TIM_OC4PreloadConfig), (8 bytes).
    Removing stm32f4xx_tim_1.o(.text.TIM_OC1FastConfig), (12 bytes).
    Removing stm32f4xx_tim_1.o(.ARM.exidx.text.TIM_OC1FastConfig), (8 bytes).
    Removing stm32f4xx_tim_1.o(.text.TIM_OC2FastConfig), (14 bytes).
    Removing stm32f4xx_tim_1.o(.ARM.exidx.text.TIM_OC2FastConfig), (8 bytes).
    Removing stm32f4xx_tim_1.o(.text.TIM_OC3FastConfig), (12 bytes).
    Removing stm32f4xx_tim_1.o(.ARM.exidx.text.TIM_OC3FastConfig), (8 bytes).
    Removing stm32f4xx_tim_1.o(.text.TIM_OC4FastConfig), (14 bytes).
    Removing stm32f4xx_tim_1.o(.ARM.exidx.text.TIM_OC4FastConfig), (8 bytes).
    Removing stm32f4xx_tim_1.o(.text.TIM_ClearOC1Ref), (12 bytes).
    Removing stm32f4xx_tim_1.o(.ARM.exidx.text.TIM_ClearOC1Ref), (8 bytes).
    Removing stm32f4xx_tim_1.o(.text.TIM_ClearOC2Ref), (14 bytes).
    Removing stm32f4xx_tim_1.o(.ARM.exidx.text.TIM_ClearOC2Ref), (8 bytes).
    Removing stm32f4xx_tim_1.o(.text.TIM_ClearOC3Ref), (12 bytes).
    Removing stm32f4xx_tim_1.o(.ARM.exidx.text.TIM_ClearOC3Ref), (8 bytes).
    Removing stm32f4xx_tim_1.o(.text.TIM_ClearOC4Ref), (14 bytes).
    Removing stm32f4xx_tim_1.o(.ARM.exidx.text.TIM_ClearOC4Ref), (8 bytes).
    Removing stm32f4xx_tim_1.o(.text.TIM_OC1PolarityConfig), (12 bytes).
    Removing stm32f4xx_tim_1.o(.ARM.exidx.text.TIM_OC1PolarityConfig), (8 bytes).
    Removing stm32f4xx_tim_1.o(.text.TIM_OC1NPolarityConfig), (12 bytes).
    Removing stm32f4xx_tim_1.o(.ARM.exidx.text.TIM_OC1NPolarityConfig), (8 bytes).
    Removing stm32f4xx_tim_1.o(.text.TIM_OC2PolarityConfig), (14 bytes).
    Removing stm32f4xx_tim_1.o(.ARM.exidx.text.TIM_OC2PolarityConfig), (8 bytes).
    Removing stm32f4xx_tim_1.o(.text.TIM_OC2NPolarityConfig), (14 bytes).
    Removing stm32f4xx_tim_1.o(.ARM.exidx.text.TIM_OC2NPolarityConfig), (8 bytes).
    Removing stm32f4xx_tim_1.o(.text.TIM_OC3PolarityConfig), (14 bytes).
    Removing stm32f4xx_tim_1.o(.ARM.exidx.text.TIM_OC3PolarityConfig), (8 bytes).
    Removing stm32f4xx_tim_1.o(.text.TIM_OC3NPolarityConfig), (14 bytes).
    Removing stm32f4xx_tim_1.o(.ARM.exidx.text.TIM_OC3NPolarityConfig), (8 bytes).
    Removing stm32f4xx_tim_1.o(.text.TIM_OC4PolarityConfig), (14 bytes).
    Removing stm32f4xx_tim_1.o(.ARM.exidx.text.TIM_OC4PolarityConfig), (8 bytes).
    Removing stm32f4xx_tim_1.o(.text.TIM_CCxCmd), (32 bytes).
    Removing stm32f4xx_tim_1.o(.ARM.exidx.text.TIM_CCxCmd), (8 bytes).
    Removing stm32f4xx_tim_1.o(.text.TIM_CCxNCmd), (32 bytes).
    Removing stm32f4xx_tim_1.o(.ARM.exidx.text.TIM_CCxNCmd), (8 bytes).
    Removing stm32f4xx_tim_1.o(.text.TIM_ICInit), (290 bytes).
    Removing stm32f4xx_tim_1.o(.ARM.exidx.text.TIM_ICInit), (8 bytes).
    Removing stm32f4xx_tim_1.o(.text.TIM_SetIC1Prescaler), (16 bytes).
    Removing stm32f4xx_tim_1.o(.ARM.exidx.text.TIM_SetIC1Prescaler), (8 bytes).
    Removing stm32f4xx_tim_1.o(.text.TIM_SetIC2Prescaler), (18 bytes).
    Removing stm32f4xx_tim_1.o(.ARM.exidx.text.TIM_SetIC2Prescaler), (8 bytes).
    Removing stm32f4xx_tim_1.o(.text.TIM_SetIC3Prescaler), (16 bytes).
    Removing stm32f4xx_tim_1.o(.ARM.exidx.text.TIM_SetIC3Prescaler), (8 bytes).
    Removing stm32f4xx_tim_1.o(.text.TIM_SetIC4Prescaler), (18 bytes).
    Removing stm32f4xx_tim_1.o(.ARM.exidx.text.TIM_SetIC4Prescaler), (8 bytes).
    Removing stm32f4xx_tim_1.o(.text.TIM_ICStructInit), (12 bytes).
    Removing stm32f4xx_tim_1.o(.ARM.exidx.text.TIM_ICStructInit), (8 bytes).
    Removing stm32f4xx_tim_1.o(.text.TIM_PWMIConfig), (250 bytes).
    Removing stm32f4xx_tim_1.o(.ARM.exidx.text.TIM_PWMIConfig), (8 bytes).
    Removing stm32f4xx_tim_1.o(.text.TIM_GetCapture1), (4 bytes).
    Removing stm32f4xx_tim_1.o(.ARM.exidx.text.TIM_GetCapture1), (8 bytes).
    Removing stm32f4xx_tim_1.o(.text.TIM_GetCapture2), (4 bytes).
    Removing stm32f4xx_tim_1.o(.ARM.exidx.text.TIM_GetCapture2), (8 bytes).
    Removing stm32f4xx_tim_1.o(.text.TIM_GetCapture3), (4 bytes).
    Removing stm32f4xx_tim_1.o(.ARM.exidx.text.TIM_GetCapture3), (8 bytes).
    Removing stm32f4xx_tim_1.o(.text.TIM_GetCapture4), (4 bytes).
    Removing stm32f4xx_tim_1.o(.ARM.exidx.text.TIM_GetCapture4), (8 bytes).
    Removing stm32f4xx_tim_1.o(.text.TIM_BDTRConfig), (40 bytes).
    Removing stm32f4xx_tim_1.o(.ARM.exidx.text.TIM_BDTRConfig), (8 bytes).
    Removing stm32f4xx_tim_1.o(.text.TIM_BDTRStructInit), (12 bytes).
    Removing stm32f4xx_tim_1.o(.ARM.exidx.text.TIM_BDTRStructInit), (8 bytes).
    Removing stm32f4xx_tim_1.o(.text.TIM_CtrlPWMOutputs), (24 bytes).
    Removing stm32f4xx_tim_1.o(.ARM.exidx.text.TIM_CtrlPWMOutputs), (8 bytes).
    Removing stm32f4xx_tim_1.o(.text.TIM_SelectCOM), (20 bytes).
    Removing stm32f4xx_tim_1.o(.ARM.exidx.text.TIM_SelectCOM), (8 bytes).
    Removing stm32f4xx_tim_1.o(.text.TIM_CCPreloadControl), (18 bytes).
    Removing stm32f4xx_tim_1.o(.ARM.exidx.text.TIM_CCPreloadControl), (8 bytes).
    Removing stm32f4xx_tim_1.o(.text.TIM_ITConfig), (16 bytes).
    Removing stm32f4xx_tim_1.o(.ARM.exidx.text.TIM_ITConfig), (8 bytes).
    Removing stm32f4xx_tim_1.o(.text.TIM_GenerateEvent), (4 bytes).
    Removing stm32f4xx_tim_1.o(.ARM.exidx.text.TIM_GenerateEvent), (8 bytes).
    Removing stm32f4xx_tim_1.o(.text.TIM_GetFlagStatus), (10 bytes).
    Removing stm32f4xx_tim_1.o(.ARM.exidx.text.TIM_GetFlagStatus), (8 bytes).
    Removing stm32f4xx_tim_1.o(.text.TIM_ClearFlag), (6 bytes).
    Removing stm32f4xx_tim_1.o(.ARM.exidx.text.TIM_ClearFlag), (8 bytes).
    Removing stm32f4xx_tim_1.o(.text.TIM_GetITStatus), (24 bytes).
    Removing stm32f4xx_tim_1.o(.ARM.exidx.text.TIM_GetITStatus), (8 bytes).
    Removing stm32f4xx_tim_1.o(.text.TIM_ClearITPendingBit), (6 bytes).
    Removing stm32f4xx_tim_1.o(.ARM.exidx.text.TIM_ClearITPendingBit), (8 bytes).
    Removing stm32f4xx_tim_1.o(.text.TIM_DMAConfig), (8 bytes).
    Removing stm32f4xx_tim_1.o(.ARM.exidx.text.TIM_DMAConfig), (8 bytes).
    Removing stm32f4xx_tim_1.o(.text.TIM_DMACmd), (16 bytes).
    Removing stm32f4xx_tim_1.o(.ARM.exidx.text.TIM_DMACmd), (8 bytes).
    Removing stm32f4xx_tim_1.o(.text.TIM_SelectCCDMA), (20 bytes).
    Removing stm32f4xx_tim_1.o(.ARM.exidx.text.TIM_SelectCCDMA), (8 bytes).
    Removing stm32f4xx_tim_1.o(.text.TIM_InternalClockConfig), (10 bytes).
    Removing stm32f4xx_tim_1.o(.ARM.exidx.text.TIM_InternalClockConfig), (8 bytes).
    Removing stm32f4xx_tim_1.o(.text.TIM_ITRxExternalClockConfig), (20 bytes).
    Removing stm32f4xx_tim_1.o(.ARM.exidx.text.TIM_ITRxExternalClockConfig), (8 bytes).
    Removing stm32f4xx_tim_1.o(.text.TIM_SelectInputTrigger), (12 bytes).
    Removing stm32f4xx_tim_1.o(.ARM.exidx.text.TIM_SelectInputTrigger), (8 bytes).
    Removing stm32f4xx_tim_1.o(.text.TIM_TIxExternalClockConfig), (114 bytes).
    Removing stm32f4xx_tim_1.o(.ARM.exidx.text.TIM_TIxExternalClockConfig), (8 bytes).
    Removing stm32f4xx_tim_1.o(.text.TIM_ETRClockMode1Config), (30 bytes).
    Removing stm32f4xx_tim_1.o(.ARM.exidx.text.TIM_ETRClockMode1Config), (8 bytes).
    Removing stm32f4xx_tim_1.o(.text.TIM_ETRConfig), (22 bytes).
    Removing stm32f4xx_tim_1.o(.ARM.exidx.text.TIM_ETRConfig), (8 bytes).
    Removing stm32f4xx_tim_1.o(.text.TIM_ETRClockMode2Config), (30 bytes).
    Removing stm32f4xx_tim_1.o(.ARM.exidx.text.TIM_ETRClockMode2Config), (8 bytes).
    Removing stm32f4xx_tim_1.o(.text.TIM_SelectOutputTrigger), (16 bytes).
    Removing stm32f4xx_tim_1.o(.ARM.exidx.text.TIM_SelectOutputTrigger), (8 bytes).
    Removing stm32f4xx_tim_1.o(.text.TIM_SelectSlaveMode), (16 bytes).
    Removing stm32f4xx_tim_1.o(.ARM.exidx.text.TIM_SelectSlaveMode), (8 bytes).
    Removing stm32f4xx_tim_1.o(.text.TIM_SelectMasterSlaveMode), (16 bytes).
    Removing stm32f4xx_tim_1.o(.ARM.exidx.text.TIM_SelectMasterSlaveMode), (8 bytes).
    Removing stm32f4xx_tim_1.o(.text.TIM_EncoderInterfaceConfig), (48 bytes).
    Removing stm32f4xx_tim_1.o(.ARM.exidx.text.TIM_EncoderInterfaceConfig), (8 bytes).
    Removing stm32f4xx_tim_1.o(.text.TIM_SelectHallSensor), (20 bytes).
    Removing stm32f4xx_tim_1.o(.ARM.exidx.text.TIM_SelectHallSensor), (8 bytes).
    Removing stm32f4xx_tim_1.o(.text.TIM_RemapConfig), (6 bytes).
    Removing stm32f4xx_tim_1.o(.ARM.exidx.text.TIM_RemapConfig), (8 bytes).
    Removing stm32f4xx_usart_1.o(.text), (0 bytes).
    Removing stm32f4xx_usart_1.o(.text.USART_DeInit), (274 bytes).
    Removing stm32f4xx_usart_1.o(.ARM.exidx.text.USART_DeInit), (8 bytes).
    Removing stm32f4xx_usart_1.o(.ARM.exidx.text.USART_Init), (8 bytes).
    Removing stm32f4xx_usart_1.o(.text.USART_StructInit), (18 bytes).
    Removing stm32f4xx_usart_1.o(.ARM.exidx.text.USART_StructInit), (8 bytes).
    Removing stm32f4xx_usart_1.o(.text.USART_ClockInit), (34 bytes).
    Removing stm32f4xx_usart_1.o(.ARM.exidx.text.USART_ClockInit), (8 bytes).
    Removing stm32f4xx_usart_1.o(.text.USART_ClockStructInit), (8 bytes).
    Removing stm32f4xx_usart_1.o(.ARM.exidx.text.USART_ClockStructInit), (8 bytes).
    Removing stm32f4xx_usart_1.o(.ARM.exidx.text.USART_Cmd), (8 bytes).
    Removing stm32f4xx_usart_1.o(.text.USART_SetPrescaler), (16 bytes).
    Removing stm32f4xx_usart_1.o(.ARM.exidx.text.USART_SetPrescaler), (8 bytes).
    Removing stm32f4xx_usart_1.o(.text.USART_OverSampling8Cmd), (20 bytes).
    Removing stm32f4xx_usart_1.o(.ARM.exidx.text.USART_OverSampling8Cmd), (8 bytes).
    Removing stm32f4xx_usart_1.o(.text.USART_OneBitMethodCmd), (20 bytes).
    Removing stm32f4xx_usart_1.o(.ARM.exidx.text.USART_OneBitMethodCmd), (8 bytes).
    Removing stm32f4xx_usart_1.o(.text.USART_SendData), (8 bytes).
    Removing stm32f4xx_usart_1.o(.ARM.exidx.text.USART_SendData), (8 bytes).
    Removing stm32f4xx_usart_1.o(.text.USART_ReceiveData), (8 bytes).
    Removing stm32f4xx_usart_1.o(.ARM.exidx.text.USART_ReceiveData), (8 bytes).
    Removing stm32f4xx_usart_1.o(.text.USART_SetAddress), (16 bytes).
    Removing stm32f4xx_usart_1.o(.ARM.exidx.text.USART_SetAddress), (8 bytes).
    Removing stm32f4xx_usart_1.o(.text.USART_ReceiverWakeUpCmd), (20 bytes).
    Removing stm32f4xx_usart_1.o(.ARM.exidx.text.USART_ReceiverWakeUpCmd), (8 bytes).
    Removing stm32f4xx_usart_1.o(.text.USART_WakeUpConfig), (16 bytes).
    Removing stm32f4xx_usart_1.o(.ARM.exidx.text.USART_WakeUpConfig), (8 bytes).
    Removing stm32f4xx_usart_1.o(.text.USART_LINBreakDetectLengthConfig), (16 bytes).
    Removing stm32f4xx_usart_1.o(.ARM.exidx.text.USART_LINBreakDetectLengthConfig), (8 bytes).
    Removing stm32f4xx_usart_1.o(.text.USART_LINCmd), (20 bytes).
    Removing stm32f4xx_usart_1.o(.ARM.exidx.text.USART_LINCmd), (8 bytes).
    Removing stm32f4xx_usart_1.o(.text.USART_SendBreak), (10 bytes).
    Removing stm32f4xx_usart_1.o(.ARM.exidx.text.USART_SendBreak), (8 bytes).
    Removing stm32f4xx_usart_1.o(.text.USART_HalfDuplexCmd), (20 bytes).
    Removing stm32f4xx_usart_1.o(.ARM.exidx.text.USART_HalfDuplexCmd), (8 bytes).
    Removing stm32f4xx_usart_1.o(.text.USART_SetGuardTime), (16 bytes).
    Removing stm32f4xx_usart_1.o(.ARM.exidx.text.USART_SetGuardTime), (8 bytes).
    Removing stm32f4xx_usart_1.o(.text.USART_SmartCardCmd), (20 bytes).
    Removing stm32f4xx_usart_1.o(.ARM.exidx.text.USART_SmartCardCmd), (8 bytes).
    Removing stm32f4xx_usart_1.o(.text.USART_SmartCardNACKCmd), (20 bytes).
    Removing stm32f4xx_usart_1.o(.ARM.exidx.text.USART_SmartCardNACKCmd), (8 bytes).
    Removing stm32f4xx_usart_1.o(.text.USART_IrDAConfig), (16 bytes).
    Removing stm32f4xx_usart_1.o(.ARM.exidx.text.USART_IrDAConfig), (8 bytes).
    Removing stm32f4xx_usart_1.o(.text.USART_IrDACmd), (20 bytes).
    Removing stm32f4xx_usart_1.o(.ARM.exidx.text.USART_IrDACmd), (8 bytes).
    Removing stm32f4xx_usart_1.o(.text.USART_DMACmd), (16 bytes).
    Removing stm32f4xx_usart_1.o(.ARM.exidx.text.USART_DMACmd), (8 bytes).
    Removing stm32f4xx_usart_1.o(.text.USART_ITConfig), (46 bytes).
    Removing stm32f4xx_usart_1.o(.ARM.exidx.text.USART_ITConfig), (8 bytes).
    Removing stm32f4xx_usart_1.o(.text.USART_GetFlagStatus), (10 bytes).
    Removing stm32f4xx_usart_1.o(.ARM.exidx.text.USART_GetFlagStatus), (8 bytes).
    Removing stm32f4xx_usart_1.o(.text.USART_ClearFlag), (6 bytes).
    Removing stm32f4xx_usart_1.o(.ARM.exidx.text.USART_ClearFlag), (8 bytes).
    Removing stm32f4xx_usart_1.o(.text.USART_GetITStatus), (48 bytes).
    Removing stm32f4xx_usart_1.o(.ARM.exidx.text.USART_GetITStatus), (8 bytes).
    Removing stm32f4xx_usart_1.o(.text.USART_ClearITPendingBit), (14 bytes).
    Removing stm32f4xx_usart_1.o(.ARM.exidx.text.USART_ClearITPendingBit), (8 bytes).
    Removing stm32f4xx_wwdg_1.o(.text), (0 bytes).
    Removing stm32f4xx_wwdg_1.o(.text.WWDG_DeInit), (26 bytes).
    Removing stm32f4xx_wwdg_1.o(.ARM.exidx.text.WWDG_DeInit), (8 bytes).
    Removing stm32f4xx_wwdg_1.o(.text.WWDG_SetPrescaler), (20 bytes).
    Removing stm32f4xx_wwdg_1.o(.ARM.exidx.text.WWDG_SetPrescaler), (8 bytes).
    Removing stm32f4xx_wwdg_1.o(.text.WWDG_SetWindowValue), (40 bytes).
    Removing stm32f4xx_wwdg_1.o(.ARM.exidx.text.WWDG_SetWindowValue), (8 bytes).
    Removing stm32f4xx_wwdg_1.o(.text.WWDG_EnableIT), (14 bytes).
    Removing stm32f4xx_wwdg_1.o(.ARM.exidx.text.WWDG_EnableIT), (8 bytes).
    Removing stm32f4xx_wwdg_1.o(.text.WWDG_SetCounter), (16 bytes).
    Removing stm32f4xx_wwdg_1.o(.ARM.exidx.text.WWDG_SetCounter), (8 bytes).
    Removing stm32f4xx_wwdg_1.o(.text.WWDG_Enable), (16 bytes).
    Removing stm32f4xx_wwdg_1.o(.ARM.exidx.text.WWDG_Enable), (8 bytes).
    Removing stm32f4xx_wwdg_1.o(.text.WWDG_GetFlagStatus), (18 bytes).
    Removing stm32f4xx_wwdg_1.o(.ARM.exidx.text.WWDG_GetFlagStatus), (8 bytes).
    Removing stm32f4xx_wwdg_1.o(.text.WWDG_ClearFlag), (14 bytes).
    Removing stm32f4xx_wwdg_1.o(.ARM.exidx.text.WWDG_ClearFlag), (8 bytes).
    Removing stm32f4xx_it.o(.text), (0 bytes).
    Removing stm32f4xx_it.o(.text.TimingDelay_Decrement), (24 bytes).
    Removing stm32f4xx_it.o(.ARM.exidx.text.TimingDelay_Decrement), (8 bytes).
    Removing stm32f4xx_it.o(.ARM.exidx.text.NMI_Handler), (8 bytes).
    Removing stm32f4xx_it.o(.ARM.exidx.text.HardFault_Handler), (8 bytes).
    Removing stm32f4xx_it.o(.ARM.exidx.text.MemManage_Handler), (8 bytes).
    Removing stm32f4xx_it.o(.ARM.exidx.text.BusFault_Handler), (8 bytes).
    Removing stm32f4xx_it.o(.ARM.exidx.text.UsageFault_Handler), (8 bytes).
    Removing stm32f4xx_it.o(.ARM.exidx.text.SVC_Handler), (8 bytes).
    Removing stm32f4xx_it.o(.ARM.exidx.text.DebugMon_Handler), (8 bytes).
    Removing stm32f4xx_it.o(.ARM.exidx.text.PendSV_Handler), (8 bytes).
    Removing stm32f4xx_it.o(.ARM.exidx.text.SysTick_Handler), (8 bytes).
    Removing system_stm32f4xx.o(.text), (0 bytes).
    Removing system_stm32f4xx.o(.ARM.exidx.text.SystemInit), (8 bytes).
    Removing system_stm32f4xx.o(.text.SystemCoreClockUpdate), (134 bytes).
    Removing system_stm32f4xx.o(.ARM.exidx.text.SystemCoreClockUpdate), (8 bytes).
    Removing system_stm32f4xx.o(.rodata.AHBPrescTable), (16 bytes).
    Removing startup_stm32f401xx.o(HEAP), (512 bytes).
    Removing main.o(.text), (0 bytes).
    Removing main.o(.ARM.exidx.text.main), (8 bytes).
    Removing main.o(.ARM.use_no_argv), (4 bytes).
    Removing uart.o(.text), (0 bytes).
    Removing uart.o(.text.NVIC_Config_UART), (32 bytes).
    Removing uart.o(.ARM.exidx.text.NVIC_Config_UART), (8 bytes).
    Removing uart.o(.ARM.exidx.text.UARTInit), (8 bytes).
    Removing uart.o(.text.UART_SendByte), (22 bytes).
    Removing uart.o(.ARM.exidx.text.UART_SendByte), (8 bytes).
    Removing uart.o(.text.Usart_SendString), (50 bytes).
    Removing uart.o(.ARM.exidx.text.Usart_SendString), (8 bytes).
    Removing uart.o(.ARM.exidx.text.fputc), (8 bytes).
    Removing uart.o(.text.fgetc), (32 bytes).
    Removing uart.o(.ARM.exidx.text.fgetc), (8 bytes).
    Removing led.o(.text), (0 bytes).
    Removing led.o(.ARM.exidx.text.ledInit), (8 bytes).
    Removing delay.o(.text), (0 bytes).
    Removing delay.o(.ARM.exidx.text.delayInit), (8 bytes).
    Removing delay.o(.text.delay_us), (310 bytes).
    Removing delay.o(.ARM.exidx.text.delay_us), (8 bytes).
    Removing delay.o(.ARM.exidx.text.delay_ms), (8 bytes).
    Removing delay.o(.bss.fac_us), (4 bytes).
    Removing delay.o(.bss.fac_ms), (2 bytes).

1404 unused section(s) (total 34668 bytes) removed from the image.

==============================================================================

Image Symbol Table

    Local Symbols

    Symbol Name                              Value     Ov Type        Size  Object(Section)

    ../Sys/startup_stm32f401xx.s             0x00000000   Number         0  startup_stm32f401xx.o ABSOLUTE
    ../clib/microlib/init/entry.s            0x00000000   Number         0  entry.o ABSOLUTE
    ../clib/microlib/init/entry.s            0x00000000   Number         0  entry2.o ABSOLUTE
    ../clib/microlib/init/entry.s            0x00000000   Number         0  entry5.o ABSOLUTE
    ../clib/microlib/init/entry.s            0x00000000   Number         0  entry7a.o ABSOLUTE
    ../clib/microlib/init/entry.s            0x00000000   Number         0  entry7b.o ABSOLUTE
    ../clib/microlib/init/entry.s            0x00000000   Number         0  entry8a.o ABSOLUTE
    ../clib/microlib/init/entry.s            0x00000000   Number         0  entry8b.o ABSOLUTE
    ../clib/microlib/init/entry.s            0x00000000   Number         0  entry9a.o ABSOLUTE
    ../clib/microlib/init/entry.s            0x00000000   Number         0  entry9b.o ABSOLUTE
    ../clib/microlib/init/entry.s            0x00000000   Number         0  entry10a.o ABSOLUTE
    ../clib/microlib/init/entry.s            0x00000000   Number         0  entry10b.o ABSOLUTE
    ../clib/microlib/init/entry.s            0x00000000   Number         0  entry11a.o ABSOLUTE
    ../clib/microlib/init/entry.s            0x00000000   Number         0  entry11b.o ABSOLUTE
    ../clib/microlib/stdio/puts.c            0x00000000   Number         0  puts.o ABSOLUTE
    ../clib/microlib/stdio/puts.c            0x00000000   Number         0  puts_e.o ABSOLUTE
    ../clib/microlib/stdio/streams.c         0x00000000   Number         0  stdout.o ABSOLUTE
    ../clib/microlib/string/memcpy.c         0x00000000   Number         0  memcpya.o ABSOLUTE
    ../clib/microlib/string/memcpy.c         0x00000000   Number         0  memcpyb.o ABSOLUTE
    ../clib/microlib/string/memset.c         0x00000000   Number         0  memseta.o ABSOLUTE
    dc.s                                     0x00000000   Number         0  dc.o ABSOLUTE
    delay.c                                  0x00000000   Number         0  delay.o ABSOLUTE
    handlers.s                               0x00000000   Number         0  handlers.o ABSOLUTE
    init.s                                   0x00000000   Number         0  init.o ABSOLUTE
    led.c                                    0x00000000   Number         0  led.o ABSOLUTE
    main.c                                   0x00000000   Number         0  main.o ABSOLUTE
    misc.c                                   0x00000000   Number         0  misc_1.o ABSOLUTE
    stm32f4xx_adc.c                          0x00000000   Number         0  stm32f4xx_adc_1.o ABSOLUTE
    stm32f4xx_can.c                          0x00000000   Number         0  stm32f4xx_can_1.o ABSOLUTE
    stm32f4xx_cec.c                          0x00000000   Number         0  stm32f4xx_cec_1.o ABSOLUTE
    stm32f4xx_crc.c                          0x00000000   Number         0  stm32f4xx_crc_1.o ABSOLUTE
    stm32f4xx_cryp.c                         0x00000000   Number         0  stm32f4xx_cryp_1.o ABSOLUTE
    stm32f4xx_cryp_aes.c                     0x00000000   Number         0  stm32f4xx_cryp_aes_1.o ABSOLUTE
    stm32f4xx_cryp_des.c                     0x00000000   Number         0  stm32f4xx_cryp_des_1.o ABSOLUTE
    stm32f4xx_cryp_tdes.c                    0x00000000   Number         0  stm32f4xx_cryp_tdes_1.o ABSOLUTE
    stm32f4xx_dac.c                          0x00000000   Number         0  stm32f4xx_dac_1.o ABSOLUTE
    stm32f4xx_dbgmcu.c                       0x00000000   Number         0  stm32f4xx_dbgmcu_1.o ABSOLUTE
    stm32f4xx_dcmi.c                         0x00000000   Number         0  stm32f4xx_dcmi_1.o ABSOLUTE
    stm32f4xx_dfsdm.c                        0x00000000   Number         0  stm32f4xx_dfsdm_1.o ABSOLUTE
    stm32f4xx_dma.c                          0x00000000   Number         0  stm32f4xx_dma_1.o ABSOLUTE
    stm32f4xx_dma2d.c                        0x00000000   Number         0  stm32f4xx_dma2d_1.o ABSOLUTE
    stm32f4xx_dsi.c                          0x00000000   Number         0  stm32f4xx_dsi_1.o ABSOLUTE
    stm32f4xx_exti.c                         0x00000000   Number         0  stm32f4xx_exti_1.o ABSOLUTE
    stm32f4xx_flash.c                        0x00000000   Number         0  stm32f4xx_flash_1.o ABSOLUTE
    stm32f4xx_flash_ramfunc.c                0x00000000   Number         0  stm32f4xx_flash_ramfunc_1.o ABSOLUTE
    stm32f4xx_fmpi2c.c                       0x00000000   Number         0  stm32f4xx_fmpi2c_1.o ABSOLUTE
    stm32f4xx_gpio.c                         0x00000000   Number         0  stm32f4xx_gpio_1.o ABSOLUTE
    stm32f4xx_hash.c                         0x00000000   Number         0  stm32f4xx_hash_1.o ABSOLUTE
    stm32f4xx_hash_md5.c                     0x00000000   Number         0  stm32f4xx_hash_md5_1.o ABSOLUTE
    stm32f4xx_hash_sha1.c                    0x00000000   Number         0  stm32f4xx_hash_sha1_1.o ABSOLUTE
    stm32f4xx_i2c.c                          0x00000000   Number         0  stm32f4xx_i2c_1.o ABSOLUTE
    stm32f4xx_it.c                           0x00000000   Number         0  stm32f4xx_it.o ABSOLUTE
    stm32f4xx_iwdg.c                         0x00000000   Number         0  stm32f4xx_iwdg_1.o ABSOLUTE
    stm32f4xx_lptim.c                        0x00000000   Number         0  stm32f4xx_lptim_1.o ABSOLUTE
    stm32f4xx_ltdc.c                         0x00000000   Number         0  stm32f4xx_ltdc_1.o ABSOLUTE
    stm32f4xx_pwr.c                          0x00000000   Number         0  stm32f4xx_pwr_1.o ABSOLUTE
    stm32f4xx_qspi.c                         0x00000000   Number         0  stm32f4xx_qspi_1.o ABSOLUTE
    stm32f4xx_rcc.c                          0x00000000   Number         0  stm32f4xx_rcc_1.o ABSOLUTE
    stm32f4xx_rng.c                          0x00000000   Number         0  stm32f4xx_rng_1.o ABSOLUTE
    stm32f4xx_rtc.c                          0x00000000   Number         0  stm32f4xx_rtc_1.o ABSOLUTE
    stm32f4xx_sai.c                          0x00000000   Number         0  stm32f4xx_sai_1.o ABSOLUTE
    stm32f4xx_sdio.c                         0x00000000   Number         0  stm32f4xx_sdio_1.o ABSOLUTE
    stm32f4xx_spdifrx.c                      0x00000000   Number         0  stm32f4xx_spdifrx_1.o ABSOLUTE
    stm32f4xx_spi.c                          0x00000000   Number         0  stm32f4xx_spi_1.o ABSOLUTE
    stm32f4xx_syscfg.c                       0x00000000   Number         0  stm32f4xx_syscfg_1.o ABSOLUTE
    stm32f4xx_tim.c                          0x00000000   Number         0  stm32f4xx_tim_1.o ABSOLUTE
    stm32f4xx_usart.c                        0x00000000   Number         0  stm32f4xx_usart_1.o ABSOLUTE
    stm32f4xx_wwdg.c                         0x00000000   Number         0  stm32f4xx_wwdg_1.o ABSOLUTE
    system_stm32f4xx.c                       0x00000000   Number         0  system_stm32f4xx.o ABSOLUTE
    uart.c                                   0x00000000   Number         0  uart.o ABSOLUTE
    RESET                                    0x08000000   Section      404  startup_stm32f401xx.o(RESET)
    .ARM.Collect$$$$00000000                 0x08000194   Section        0  entry.o(.ARM.Collect$$$$00000000)
    .ARM.Collect$$$$00000001                 0x08000194   Section        4  entry2.o(.ARM.Collect$$$$00000001)
    .ARM.Collect$$$$00000004                 0x08000198   Section        4  entry5.o(.ARM.Collect$$$$00000004)
    .ARM.Collect$$$$00000008                 0x0800019c   Section        0  entry7b.o(.ARM.Collect$$$$00000008)
    .ARM.Collect$$$$0000000A                 0x0800019c   Section        0  entry8b.o(.ARM.Collect$$$$0000000A)
    .ARM.Collect$$$$0000000B                 0x0800019c   Section        8  entry9a.o(.ARM.Collect$$$$0000000B)
    __lit__00000000                          0x080001a4   Data           4  entry2.o(.ARM.Collect$$$$00002712)
    .ARM.Collect$$$$0000000D                 0x080001a4   Section        0  entry10a.o(.ARM.Collect$$$$0000000D)
    .ARM.Collect$$$$0000000F                 0x080001a4   Section        0  entry11a.o(.ARM.Collect$$$$0000000F)
    .ARM.Collect$$$$00002712                 0x080001a4   Section        4  entry2.o(.ARM.Collect$$$$00002712)
    $v0                                      0x080001a8   Number         0  startup_stm32f401xx.o(.text)
    .text                                    0x080001a8   Section       36  startup_stm32f401xx.o(.text)
    .text                                    0x080001cc   Section       36  init.o(.text)
    [Anonymous Symbol]                       0x080001f0   Section        0  stm32f4xx_it.o(.text.BusFault_Handler)
    [Anonymous Symbol]                       0x080001f4   Section        0  stm32f4xx_it.o(.text.DebugMon_Handler)
    [Anonymous Symbol]                       0x080001f8   Section        0  stm32f4xx_gpio_1.o(.text.GPIO_Init)
    [Anonymous Symbol]                       0x08000280   Section        0  stm32f4xx_gpio_1.o(.text.GPIO_PinAFConfig)
    [Anonymous Symbol]                       0x080002a8   Section        0  stm32f4xx_gpio_1.o(.text.GPIO_ResetBits)
    [Anonymous Symbol]                       0x080002b0   Section        0  stm32f4xx_gpio_1.o(.text.GPIO_SetBits)
    [Anonymous Symbol]                       0x080002b4   Section        0  stm32f4xx_it.o(.text.HardFault_Handler)
    [Anonymous Symbol]                       0x080002b8   Section        0  stm32f4xx_it.o(.text.MemManage_Handler)
    [Anonymous Symbol]                       0x080002bc   Section        0  stm32f4xx_it.o(.text.NMI_Handler)
    [Anonymous Symbol]                       0x080002c0   Section        0  stm32f4xx_it.o(.text.PendSV_Handler)
    [Anonymous Symbol]                       0x080002c4   Section        0  stm32f4xx_rcc_1.o(.text.RCC_AHB1PeriphClockCmd)
    [Anonymous Symbol]                       0x080002dc   Section        0  stm32f4xx_rcc_1.o(.text.RCC_APB2PeriphClockCmd)
    [Anonymous Symbol]                       0x080002f4   Section        0  stm32f4xx_rcc_1.o(.text.RCC_GetClocksFreq)
    [Anonymous Symbol]                       0x08000390   Section        0  stm32f4xx_it.o(.text.SVC_Handler)
    [Anonymous Symbol]                       0x08000394   Section        0  misc_1.o(.text.SysTick_CLKSourceConfig)
    [Anonymous Symbol]                       0x080003ac   Section        0  stm32f4xx_it.o(.text.SysTick_Handler)
    [Anonymous Symbol]                       0x080003c4   Section        0  system_stm32f4xx.o(.text.SystemInit)
    [Anonymous Symbol]                       0x080004bc   Section        0  uart.o(.text.UARTInit)
    [Anonymous Symbol]                       0x08000528   Section        0  stm32f4xx_usart_1.o(.text.USART_Cmd)
    [Anonymous Symbol]                       0x0800053c   Section        0  stm32f4xx_usart_1.o(.text.USART_Init)
    [Anonymous Symbol]                       0x080005f8   Section        0  stm32f4xx_it.o(.text.UsageFault_Handler)
    [Anonymous Symbol]                       0x080005fc   Section        0  delay.o(.text.delayInit)
    [Anonymous Symbol]                       0x08000618   Section        0  delay.o(.text.delay_ms)
    [Anonymous Symbol]                       0x080006cc   Section        0  uart.o(.text.fputc)
    [Anonymous Symbol]                       0x080006e0   Section        0  led.o(.text.ledInit)
    [Anonymous Symbol]                       0x0800070c   Section        0  main.o(.text.main)
    i.__scatterload_copy                     0x08000788   Section       14  handlers.o(i.__scatterload_copy)
    i.__scatterload_null                     0x08000796   Section        2  handlers.o(i.__scatterload_null)
    i.__scatterload_zeroinit                 0x08000798   Section       14  handlers.o(i.__scatterload_zeroinit)
    i.puts                                   0x080007a8   Section        0  puts.o(i.puts)
    APBAHBPrescTable                         0x080007cc   Data          16  stm32f4xx_rcc_1.o(.rodata.APBAHBPrescTable)
    [Anonymous Symbol]                       0x080007cc   Section        0  stm32f4xx_rcc_1.o(.rodata.APBAHBPrescTable)
    .data                                    0x20000000   Section        4  stdout.o(.data)
    TimingDelay                              0x20000008   Data           4  stm32f4xx_it.o(.bss.TimingDelay)
    [Anonymous Symbol]                       0x20000008   Section        0  stm32f4xx_it.o(.bss.TimingDelay)
    STACK                                    0x20000010   Section     1024  startup_stm32f401xx.o(STACK)

    Global Symbols

    Symbol Name                              Value     Ov Type        Size  Object(Section)

    BuildAttributes$$THM_ISAv4$E$P$D$K$B$S$7EM$VFPi3$EXTD16$VFPS$VFMA$PE$A:L22UL41UL21$X:L11$S22US41US21$IEEE1$IW$~IW$USESV6$~STKCKD$USESV7$~SHL$OTIME$EBA8$MICROLIB$REQ8$PRES8$EABIv2 0x00000000   Number         0  anon$$obj.o ABSOLUTE
    __cpp_initialize__aeabi_                  - Undefined Weak Reference
    __cxa_finalize                            - Undefined Weak Reference
    __decompress                              - Undefined Weak Reference
    _clock_init                               - Undefined Weak Reference
    _microlib_exit                            - Undefined Weak Reference
    __Vectors_Size                           0x00000194   Number         0  startup_stm32f401xx.o ABSOLUTE
    __Vectors                                0x08000000   Data           4  startup_stm32f401xx.o(RESET)
    __Vectors_End                            0x08000194   Data           0  startup_stm32f401xx.o(RESET)
    __main                                   0x08000195   Thumb Code     0  entry.o(.ARM.Collect$$$$00000000)
    _main_stk                                0x08000195   Thumb Code     0  entry2.o(.ARM.Collect$$$$00000001)
    _main_scatterload                        0x08000199   Thumb Code     0  entry5.o(.ARM.Collect$$$$00000004)
    __main_after_scatterload                 0x0800019d   Thumb Code     0  entry5.o(.ARM.Collect$$$$00000004)
    _main_clock                              0x0800019d   Thumb Code     0  entry7b.o(.ARM.Collect$$$$00000008)
    _main_cpp_init                           0x0800019d   Thumb Code     0  entry8b.o(.ARM.Collect$$$$0000000A)
    _main_init                               0x0800019d   Thumb Code     0  entry9a.o(.ARM.Collect$$$$0000000B)
    __rt_final_cpp                           0x080001a5   Thumb Code     0  entry10a.o(.ARM.Collect$$$$0000000D)
    __rt_final_exit                          0x080001a5   Thumb Code     0  entry11a.o(.ARM.Collect$$$$0000000F)
    Reset_Handler                            0x080001a9   Thumb Code     8  startup_stm32f401xx.o(.text)
    ADC_IRQHandler                           0x080001c3   Thumb Code     0  startup_stm32f401xx.o(.text)
    DMA1_Stream0_IRQHandler                  0x080001c3   Thumb Code     0  startup_stm32f401xx.o(.text)
    DMA1_Stream1_IRQHandler                  0x080001c3   Thumb Code     0  startup_stm32f401xx.o(.text)
    DMA1_Stream2_IRQHandler                  0x080001c3   Thumb Code     0  startup_stm32f401xx.o(.text)
    DMA1_Stream3_IRQHandler                  0x080001c3   Thumb Code     0  startup_stm32f401xx.o(.text)
    DMA1_Stream4_IRQHandler                  0x080001c3   Thumb Code     0  startup_stm32f401xx.o(.text)
    DMA1_Stream5_IRQHandler                  0x080001c3   Thumb Code     0  startup_stm32f401xx.o(.text)
    DMA1_Stream6_IRQHandler                  0x080001c3   Thumb Code     0  startup_stm32f401xx.o(.text)
    DMA1_Stream7_IRQHandler                  0x080001c3   Thumb Code     0  startup_stm32f401xx.o(.text)
    DMA2_Stream0_IRQHandler                  0x080001c3   Thumb Code     0  startup_stm32f401xx.o(.text)
    DMA2_Stream1_IRQHandler                  0x080001c3   Thumb Code     0  startup_stm32f401xx.o(.text)
    DMA2_Stream2_IRQHandler                  0x080001c3   Thumb Code     0  startup_stm32f401xx.o(.text)
    DMA2_Stream3_IRQHandler                  0x080001c3   Thumb Code     0  startup_stm32f401xx.o(.text)
    DMA2_Stream4_IRQHandler                  0x080001c3   Thumb Code     0  startup_stm32f401xx.o(.text)
    DMA2_Stream5_IRQHandler                  0x080001c3   Thumb Code     0  startup_stm32f401xx.o(.text)
    DMA2_Stream6_IRQHandler                  0x080001c3   Thumb Code     0  startup_stm32f401xx.o(.text)
    DMA2_Stream7_IRQHandler                  0x080001c3   Thumb Code     0  startup_stm32f401xx.o(.text)
    EXTI0_IRQHandler                         0x080001c3   Thumb Code     0  startup_stm32f401xx.o(.text)
    EXTI15_10_IRQHandler                     0x080001c3   Thumb Code     0  startup_stm32f401xx.o(.text)
    EXTI1_IRQHandler                         0x080001c3   Thumb Code     0  startup_stm32f401xx.o(.text)
    EXTI2_IRQHandler                         0x080001c3   Thumb Code     0  startup_stm32f401xx.o(.text)
    EXTI3_IRQHandler                         0x080001c3   Thumb Code     0  startup_stm32f401xx.o(.text)
    EXTI4_IRQHandler                         0x080001c3   Thumb Code     0  startup_stm32f401xx.o(.text)
    EXTI9_5_IRQHandler                       0x080001c3   Thumb Code     0  startup_stm32f401xx.o(.text)
    FLASH_IRQHandler                         0x080001c3   Thumb Code     0  startup_stm32f401xx.o(.text)
    FPU_IRQHandler                           0x080001c3   Thumb Code     0  startup_stm32f401xx.o(.text)
    I2C1_ER_IRQHandler                       0x080001c3   Thumb Code     0  startup_stm32f401xx.o(.text)
    I2C1_EV_IRQHandler                       0x080001c3   Thumb Code     0  startup_stm32f401xx.o(.text)
    I2C2_ER_IRQHandler                       0x080001c3   Thumb Code     0  startup_stm32f401xx.o(.text)
    I2C2_EV_IRQHandler                       0x080001c3   Thumb Code     0  startup_stm32f401xx.o(.text)
    I2C3_ER_IRQHandler                       0x080001c3   Thumb Code     0  startup_stm32f401xx.o(.text)
    I2C3_EV_IRQHandler                       0x080001c3   Thumb Code     0  startup_stm32f401xx.o(.text)
    OTG_FS_IRQHandler                        0x080001c3   Thumb Code     0  startup_stm32f401xx.o(.text)
    OTG_FS_WKUP_IRQHandler                   0x080001c3   Thumb Code     0  startup_stm32f401xx.o(.text)
    PVD_IRQHandler                           0x080001c3   Thumb Code     0  startup_stm32f401xx.o(.text)
    RCC_IRQHandler                           0x080001c3   Thumb Code     0  startup_stm32f401xx.o(.text)
    RTC_Alarm_IRQHandler                     0x080001c3   Thumb Code     0  startup_stm32f401xx.o(.text)
    RTC_WKUP_IRQHandler                      0x080001c3   Thumb Code     0  startup_stm32f401xx.o(.text)
    SDIO_IRQHandler                          0x080001c3   Thumb Code     0  startup_stm32f401xx.o(.text)
    SPI1_IRQHandler                          0x080001c3   Thumb Code     0  startup_stm32f401xx.o(.text)
    SPI2_IRQHandler                          0x080001c3   Thumb Code     0  startup_stm32f401xx.o(.text)
    SPI3_IRQHandler                          0x080001c3   Thumb Code     0  startup_stm32f401xx.o(.text)
    SPI4_IRQHandler                          0x080001c3   Thumb Code     0  startup_stm32f401xx.o(.text)
    TAMP_STAMP_IRQHandler                    0x080001c3   Thumb Code     0  startup_stm32f401xx.o(.text)
    TIM1_BRK_TIM9_IRQHandler                 0x080001c3   Thumb Code     0  startup_stm32f401xx.o(.text)
    TIM1_CC_IRQHandler                       0x080001c3   Thumb Code     0  startup_stm32f401xx.o(.text)
    TIM1_TRG_COM_TIM11_IRQHandler            0x080001c3   Thumb Code     0  startup_stm32f401xx.o(.text)
    TIM1_UP_TIM10_IRQHandler                 0x080001c3   Thumb Code     0  startup_stm32f401xx.o(.text)
    TIM2_IRQHandler                          0x080001c3   Thumb Code     0  startup_stm32f401xx.o(.text)
    TIM3_IRQHandler                          0x080001c3   Thumb Code     0  startup_stm32f401xx.o(.text)
    TIM4_IRQHandler                          0x080001c3   Thumb Code     0  startup_stm32f401xx.o(.text)
    TIM5_IRQHandler                          0x080001c3   Thumb Code     0  startup_stm32f401xx.o(.text)
    USART1_IRQHandler                        0x080001c3   Thumb Code     0  startup_stm32f401xx.o(.text)
    USART2_IRQHandler                        0x080001c3   Thumb Code     0  startup_stm32f401xx.o(.text)
    USART6_IRQHandler                        0x080001c3   Thumb Code     0  startup_stm32f401xx.o(.text)
    WWDG_IRQHandler                          0x080001c3   Thumb Code     0  startup_stm32f401xx.o(.text)
    __scatterload                            0x080001cd   Thumb Code    28  init.o(.text)
    __scatterload_rt2                        0x080001cd   Thumb Code     0  init.o(.text)
    BusFault_Handler                         0x080001f1   Thumb Code     2  stm32f4xx_it.o(.text.BusFault_Handler)
    DebugMon_Handler                         0x080001f5   Thumb Code     2  stm32f4xx_it.o(.text.DebugMon_Handler)
    GPIO_Init                                0x080001f9   Thumb Code   134  stm32f4xx_gpio_1.o(.text.GPIO_Init)
    GPIO_PinAFConfig                         0x08000281   Thumb Code    40  stm32f4xx_gpio_1.o(.text.GPIO_PinAFConfig)
    GPIO_ResetBits                           0x080002a9   Thumb Code     6  stm32f4xx_gpio_1.o(.text.GPIO_ResetBits)
    GPIO_SetBits                             0x080002b1   Thumb Code     4  stm32f4xx_gpio_1.o(.text.GPIO_SetBits)
    HardFault_Handler                        0x080002b5   Thumb Code     2  stm32f4xx_it.o(.text.HardFault_Handler)
    MemManage_Handler                        0x080002b9   Thumb Code     2  stm32f4xx_it.o(.text.MemManage_Handler)
    NMI_Handler                              0x080002bd   Thumb Code     2  stm32f4xx_it.o(.text.NMI_Handler)
    PendSV_Handler                           0x080002c1   Thumb Code     2  stm32f4xx_it.o(.text.PendSV_Handler)
    RCC_AHB1PeriphClockCmd                   0x080002c5   Thumb Code    24  stm32f4xx_rcc_1.o(.text.RCC_AHB1PeriphClockCmd)
    RCC_APB2PeriphClockCmd                   0x080002dd   Thumb Code    24  stm32f4xx_rcc_1.o(.text.RCC_APB2PeriphClockCmd)
    RCC_GetClocksFreq                        0x080002f5   Thumb Code   154  stm32f4xx_rcc_1.o(.text.RCC_GetClocksFreq)
    SVC_Handler                              0x08000391   Thumb Code     2  stm32f4xx_it.o(.text.SVC_Handler)
    SysTick_CLKSourceConfig                  0x08000395   Thumb Code    24  misc_1.o(.text.SysTick_CLKSourceConfig)
    SysTick_Handler                          0x080003ad   Thumb Code    24  stm32f4xx_it.o(.text.SysTick_Handler)
    SystemInit                               0x080003c5   Thumb Code   246  system_stm32f4xx.o(.text.SystemInit)
    UARTInit                                 0x080004bd   Thumb Code   106  uart.o(.text.UARTInit)
    USART_Cmd                                0x08000529   Thumb Code    20  stm32f4xx_usart_1.o(.text.USART_Cmd)
    USART_Init                               0x0800053d   Thumb Code   186  stm32f4xx_usart_1.o(.text.USART_Init)
    UsageFault_Handler                       0x080005f9   Thumb Code     2  stm32f4xx_it.o(.text.UsageFault_Handler)
    delayInit                                0x080005fd   Thumb Code    28  delay.o(.text.delayInit)
    delay_ms                                 0x08000619   Thumb Code   180  delay.o(.text.delay_ms)
    fputc                                    0x080006cd   Thumb Code    20  uart.o(.text.fputc)
    ledInit                                  0x080006e1   Thumb Code    44  led.o(.text.ledInit)
    main                                     0x0800070d   Thumb Code    84  main.o(.text.main)
    __scatterload_copy                       0x08000789   Thumb Code    14  handlers.o(i.__scatterload_copy)
    __scatterload_null                       0x08000797   Thumb Code     2  handlers.o(i.__scatterload_null)
    __scatterload_zeroinit                   0x08000799   Thumb Code    14  handlers.o(i.__scatterload_zeroinit)
    puts                                     0x080007a9   Thumb Code    30  puts.o(i.puts)
    Region$$Table$$Base                      0x080007dc   Number         0  anon$$obj.o(Region$$Table)
    Region$$Table$$Limit                     0x080007fc   Number         0  anon$$obj.o(Region$$Table)
    __stdout                                 0x20000000   Data           4  stdout.o(.data)
    SystemCoreClock                          0x20000004   Data           4  system_stm32f4xx.o(.data.SystemCoreClock)
    __initial_sp                             0x20000410   Data           0  startup_stm32f401xx.o(STACK)



==============================================================================

Memory Map of the image

  Image Entry point : 0x08000195

  Load Region LR_IROM1 (Base: 0x08000000, Size: 0x00000808, Max: 0x00040000, ABSOLUTE)

    Execution Region ER_IROM1 (Exec base: 0x08000000, Load base: 0x08000000, Size: 0x000007fc, Max: 0x00040000, ABSOLUTE)

    Exec Addr    Load Addr    Size         Type   Attr      Idx    E Section Name        Object

    0x08000000   0x08000000   0x00000194   Data   RO         1648    RESET               startup_stm32f401xx.o
    0x08000194   0x08000194   0x00000000   Code   RO         1708  * .ARM.Collect$$$$00000000  mc_w.l(entry.o)
    0x08000194   0x08000194   0x00000004   Code   RO         1721    .ARM.Collect$$$$00000001  mc_w.l(entry2.o)
    0x08000198   0x08000198   0x00000004   Code   RO         1724    .ARM.Collect$$$$00000004  mc_w.l(entry5.o)
    0x0800019c   0x0800019c   0x00000000   Code   RO         1726    .ARM.Collect$$$$00000008  mc_w.l(entry7b.o)
    0x0800019c   0x0800019c   0x00000000   Code   RO         1728    .ARM.Collect$$$$0000000A  mc_w.l(entry8b.o)
    0x0800019c   0x0800019c   0x00000008   Code   RO         1729    .ARM.Collect$$$$0000000B  mc_w.l(entry9a.o)
    0x080001a4   0x080001a4   0x00000000   Code   RO         1731    .ARM.Collect$$$$0000000D  mc_w.l(entry10a.o)
    0x080001a4   0x080001a4   0x00000000   Code   RO         1733    .ARM.Collect$$$$0000000F  mc_w.l(entry11a.o)
    0x080001a4   0x080001a4   0x00000004   Code   RO         1722    .ARM.Collect$$$$00002712  mc_w.l(entry2.o)
    0x080001a8   0x080001a8   0x00000024   Code   RO         1649    .text               startup_stm32f401xx.o
    0x080001cc   0x080001cc   0x00000024   Code   RO         1736    .text               mc_w.l(init.o)
    0x080001f0   0x080001f0   0x00000002   Code   RO         1613    .text.BusFault_Handler  stm32f4xx_it.o
    0x080001f2   0x080001f2   0x00000002   PAD
    0x080001f4   0x080001f4   0x00000002   Code   RO         1619    .text.DebugMon_Handler  stm32f4xx_it.o
    0x080001f6   0x080001f6   0x00000002   PAD
    0x080001f8   0x080001f8   0x00000086   Code   RO          584    .text.GPIO_Init     stm32f4xx_gpio_1.o
    0x0800027e   0x0800027e   0x00000002   PAD
    0x08000280   0x08000280   0x00000028   Code   RO          608    .text.GPIO_PinAFConfig  stm32f4xx_gpio_1.o
    0x080002a8   0x080002a8   0x00000006   Code   RO          600    .text.GPIO_ResetBits  stm32f4xx_gpio_1.o
    0x080002ae   0x080002ae   0x00000002   PAD
    0x080002b0   0x080002b0   0x00000004   Code   RO          598    .text.GPIO_SetBits  stm32f4xx_gpio_1.o
    0x080002b4   0x080002b4   0x00000002   Code   RO         1609    .text.HardFault_Handler  stm32f4xx_it.o
    0x080002b6   0x080002b6   0x00000002   PAD
    0x080002b8   0x080002b8   0x00000002   Code   RO         1611    .text.MemManage_Handler  stm32f4xx_it.o
    0x080002ba   0x080002ba   0x00000002   PAD
    0x080002bc   0x080002bc   0x00000002   Code   RO         1607    .text.NMI_Handler   stm32f4xx_it.o
    0x080002be   0x080002be   0x00000002   PAD
    0x080002c0   0x080002c0   0x00000002   Code   RO         1621    .text.PendSV_Handler  stm32f4xx_it.o
    0x080002c2   0x080002c2   0x00000002   PAD
    0x080002c4   0x080002c4   0x00000018   Code   RO          962    .text.RCC_AHB1PeriphClockCmd  stm32f4xx_rcc_1.o
    0x080002dc   0x080002dc   0x00000018   Code   RO          968    .text.RCC_APB2PeriphClockCmd  stm32f4xx_rcc_1.o
    0x080002f4   0x080002f4   0x0000009a   Code   RO          944    .text.RCC_GetClocksFreq  stm32f4xx_rcc_1.o
    0x0800038e   0x0800038e   0x00000002   PAD
    0x08000390   0x08000390   0x00000002   Code   RO         1617    .text.SVC_Handler   stm32f4xx_it.o
    0x08000392   0x08000392   0x00000002   PAD
    0x08000394   0x08000394   0x00000018   Code   RO           10    .text.SysTick_CLKSourceConfig  misc_1.o
    0x080003ac   0x080003ac   0x00000018   Code   RO         1623    .text.SysTick_Handler  stm32f4xx_it.o
    0x080003c4   0x080003c4   0x000000f6   Code   RO         1633    .text.SystemInit    system_stm32f4xx.o
    0x080004ba   0x080004ba   0x00000002   PAD
    0x080004bc   0x080004bc   0x0000006a   Code   RO         1667    .text.UARTInit      uart.o
    0x08000526   0x08000526   0x00000002   PAD
    0x08000528   0x08000528   0x00000014   Code   RO         1525    .text.USART_Cmd     stm32f4xx_usart_1.o
    0x0800053c   0x0800053c   0x000000ba   Code   RO         1517    .text.USART_Init    stm32f4xx_usart_1.o
    0x080005f6   0x080005f6   0x00000002   PAD
    0x080005f8   0x080005f8   0x00000002   Code   RO         1615    .text.UsageFault_Handler  stm32f4xx_it.o
    0x080005fa   0x080005fa   0x00000002   PAD
    0x080005fc   0x080005fc   0x0000001c   Code   RO         1693    .text.delayInit     delay.o
    0x08000618   0x08000618   0x000000b4   Code   RO         1697    .text.delay_ms      delay.o
    0x080006cc   0x080006cc   0x00000014   Code   RO         1673    .text.fputc         uart.o
    0x080006e0   0x080006e0   0x0000002c   Code   RO         1685    .text.ledInit       led.o
    0x0800070c   0x0800070c   0x0000007c   Code   RO         1656    .text.main          main.o
    0x08000788   0x08000788   0x0000000e   Code   RO         1740    i.__scatterload_copy  mc_w.l(handlers.o)
    0x08000796   0x08000796   0x00000002   Code   RO         1741    i.__scatterload_null  mc_w.l(handlers.o)
    0x08000798   0x08000798   0x0000000e   Code   RO         1742    i.__scatterload_zeroinit  mc_w.l(handlers.o)
    0x080007a6   0x080007a6   0x00000002   PAD
    0x080007a8   0x080007a8   0x00000024   Code   RO         1711    i.puts              mc_w.l(puts.o)
    0x080007cc   0x080007cc   0x00000010   Data   RO          996    .rodata.APBAHBPrescTable  stm32f4xx_rcc_1.o
    0x080007dc   0x080007dc   0x00000020   Data   RO         1739    Region$$Table       anon$$obj.o


    Execution Region RW_IRAM1 (Exec base: 0x20000000, Load base: 0x08000800, Size: 0x00000410, Max: 0x00010000, ABSOLUTE)

    Exec Addr    Load Addr    Size         Type   Attr      Idx    E Section Name        Object

    0x20000000   0x08000800   0x00000004   Data   RW         1735    .data               mc_w.l(stdout.o)
    0x20000004   0x08000804   0x00000004   Data   RW         1637    .data.SystemCoreClock  system_stm32f4xx.o
    0x20000008        -       0x00000004   Zero   RW         1625    .bss.TimingDelay    stm32f4xx_it.o
    0x2000000c   0x08000808   0x00000004   PAD
    0x20000010        -       0x00000400   Zero   RW         1646    STACK               startup_stm32f401xx.o


==============================================================================

Image component sizes


      Code (inc. data)   RO Data    RW Data    ZI Data      Debug   Object Name

       208          0          0          0          0       2148   delay.o
        44          0          0          0          0       1660   led.o
       124         40          0          0          0        931   main.o
        24          0          0          0          0       3264   misc_1.o
        36          8        404          0       1024        852   startup_stm32f401xx.o
       184          0          0          0          0       4779   stm32f4xx_gpio_1.o
        40          0          0          0          4       1430   stm32f4xx_it.o
       202          0         16          0          0      12408   stm32f4xx_rcc_1.o
       206          0          0          0          0       8641   stm32f4xx_usart_1.o
       246          0          0          4          0       3237   system_stm32f4xx.o
       126          0          0          0          0       5330   uart.o

    ----------------------------------------------------------------------
      1468         48        452          4       1032      44680   Object Totals
         0          0         32          0          0          0   (incl. Generated)
        28          0          0          0          4          0   (incl. Padding)

    ----------------------------------------------------------------------

      Code (inc. data)   RO Data    RW Data    ZI Data      Debug   Library Member Name

         0          0          0          0          0          0   entry.o
         0          0          0          0          0          0   entry10a.o
         0          0          0          0          0          0   entry11a.o
         8          4          0          0          0          0   entry2.o
         4          0          0          0          0          0   entry5.o
         0          0          0          0          0          0   entry7b.o
         0          0          0          0          0          0   entry8b.o
         8          4          0          0          0          0   entry9a.o
        30          0          0          0          0          0   handlers.o
        36          8          0          0          0         68   init.o
        36          6          0          0          0         80   puts.o
         0          0          0          4          0          0   stdout.o

    ----------------------------------------------------------------------
       124         22          0          4          0        148   Library Totals
         2          0          0          0          0          0   (incl. Padding)

    ----------------------------------------------------------------------

      Code (inc. data)   RO Data    RW Data    ZI Data      Debug   Library Name

       122         22          0          4          0        148   mc_w.l

    ----------------------------------------------------------------------
       124         22          0          4          0        148   Library Totals

    ----------------------------------------------------------------------

==============================================================================


      Code (inc. data)   RO Data    RW Data    ZI Data      Debug   

      1592         70        452          8       1032      44852   Grand Totals
      1592         70        452          8       1032      44852   ELF Image Totals
      1592         70        452          8          0          0   ROM Totals

==============================================================================

    Total RO  Size (Code + RO Data)                 2044 (   2.00kB)
    Total RW  Size (RW Data + ZI Data)              1040 (   1.02kB)
    Total ROM Size (Code + RO Data + RW Data)       2052 (   2.00kB)

==============================================================================

