<html>
<body>
<pre>
<h1>µVision Build Log</h1>
<h2>Tool Versions:</h2>
IDE-Version: ¦ÌVision V5.38.0.0
Copyright (C) 2022 ARM Ltd and ARM Germany GmbH. All rights reserved.
License Information: ako Rin, 1, LIC=IK1BF-6PJVX-ARQXW-QYK25-7QG6R-QG0X9
 
Tool Versions:
Toolchain:       MDK-ARM Plus  Version: 5.38.0.0
Toolchain Path:  D:\Keil\Keil_core\ARM\ARMCC\Bin
C Compiler:      Armcc.exe V5.06 update 7 (build 960)
Assembler:       Armasm.exe V5.06 update 7 (build 960)
Linker/Locator:  ArmLink.exe V5.06 update 7 (build 960)
Library Manager: ArmAr.exe V5.06 update 7 (build 960)
Hex Converter:   FromElf.exe V5.06 update 7 (build 960)
CPU DLL:         SARMCM3.DLL V5.38.0.0
Dialog DLL:      DCM.DLL V1.17.5.0
Target DLL:      Segger\JL2CM3.dll V2.99.42.0
Dialog DLL:      TCM.DLL V1.56.4.0
 
<h2>Project:</h2>
E:\project\stm32\STM32F401\STM32F401_FreeRTOS\User\f401.uvprojx
Project File Date:  05/01/2024

<h2>Output:</h2>
*** Using Compiler 'V5.06 update 7 (build 960)', folder: 'D:\Keil\Keil_core\ARM\ARMCC\Bin'
Build target 'Target 1'
Note: source file '..\Periph\src\misc.c' - object file renamed from '.\Objects\misc.o' to '.\Objects\misc_1.o'.
Note: source file '..\Periph\src\stm32f4xx_adc.c' - object file renamed from '.\Objects\stm32f4xx_adc.o' to '.\Objects\stm32f4xx_adc_1.o'.
Note: source file '..\Periph\src\stm32f4xx_can.c' - object file renamed from '.\Objects\stm32f4xx_can.o' to '.\Objects\stm32f4xx_can_1.o'.
Note: source file '..\Periph\src\stm32f4xx_cec.c' - object file renamed from '.\Objects\stm32f4xx_cec.o' to '.\Objects\stm32f4xx_cec_1.o'.
Note: source file '..\Periph\src\stm32f4xx_crc.c' - object file renamed from '.\Objects\stm32f4xx_crc.o' to '.\Objects\stm32f4xx_crc_1.o'.
Note: source file '..\Periph\src\stm32f4xx_cryp.c' - object file renamed from '.\Objects\stm32f4xx_cryp.o' to '.\Objects\stm32f4xx_cryp_1.o'.
Note: source file '..\Periph\src\stm32f4xx_cryp_aes.c' - object file renamed from '.\Objects\stm32f4xx_cryp_aes.o' to '.\Objects\stm32f4xx_cryp_aes_1.o'.
Note: source file '..\Periph\src\stm32f4xx_cryp_des.c' - object file renamed from '.\Objects\stm32f4xx_cryp_des.o' to '.\Objects\stm32f4xx_cryp_des_1.o'.
Note: source file '..\Periph\src\stm32f4xx_cryp_tdes.c' - object file renamed from '.\Objects\stm32f4xx_cryp_tdes.o' to '.\Objects\stm32f4xx_cryp_tdes_1.o'.
Note: source file '..\Periph\src\stm32f4xx_dac.c' - object file renamed from '.\Objects\stm32f4xx_dac.o' to '.\Objects\stm32f4xx_dac_1.o'.
Note: source file '..\Periph\src\stm32f4xx_dbgmcu.c' - object file renamed from '.\Objects\stm32f4xx_dbgmcu.o' to '.\Objects\stm32f4xx_dbgmcu_1.o'.
Note: source file '..\Periph\src\stm32f4xx_dcmi.c' - object file renamed from '.\Objects\stm32f4xx_dcmi.o' to '.\Objects\stm32f4xx_dcmi_1.o'.
Note: source file '..\Periph\src\stm32f4xx_dfsdm.c' - object file renamed from '.\Objects\stm32f4xx_dfsdm.o' to '.\Objects\stm32f4xx_dfsdm_1.o'.
Note: source file '..\Periph\src\stm32f4xx_dma.c' - object file renamed from '.\Objects\stm32f4xx_dma.o' to '.\Objects\stm32f4xx_dma_1.o'.
Note: source file '..\Periph\src\stm32f4xx_dma2d.c' - object file renamed from '.\Objects\stm32f4xx_dma2d.o' to '.\Objects\stm32f4xx_dma2d_1.o'.
Note: source file '..\Periph\src\stm32f4xx_dsi.c' - object file renamed from '.\Objects\stm32f4xx_dsi.o' to '.\Objects\stm32f4xx_dsi_1.o'.
Note: source file '..\Periph\src\stm32f4xx_exti.c' - object file renamed from '.\Objects\stm32f4xx_exti.o' to '.\Objects\stm32f4xx_exti_1.o'.
Note: source file '..\Periph\src\stm32f4xx_flash.c' - object file renamed from '.\Objects\stm32f4xx_flash.o' to '.\Objects\stm32f4xx_flash_1.o'.
Note: source file '..\Periph\src\stm32f4xx_flash_ramfunc.c' - object file renamed from '.\Objects\stm32f4xx_flash_ramfunc.o' to '.\Objects\stm32f4xx_flash_ramfunc_1.o'.
Note: source file '..\Periph\src\stm32f4xx_fmpi2c.c' - object file renamed from '.\Objects\stm32f4xx_fmpi2c.o' to '.\Objects\stm32f4xx_fmpi2c_1.o'.
Note: source file '..\Periph\src\stm32f4xx_gpio.c' - object file renamed from '.\Objects\stm32f4xx_gpio.o' to '.\Objects\stm32f4xx_gpio_1.o'.
Note: source file '..\Periph\src\stm32f4xx_hash.c' - object file renamed from '.\Objects\stm32f4xx_hash.o' to '.\Objects\stm32f4xx_hash_1.o'.
Note: source file '..\Periph\src\stm32f4xx_hash_md5.c' - object file renamed from '.\Objects\stm32f4xx_hash_md5.o' to '.\Objects\stm32f4xx_hash_md5_1.o'.
Note: source file '..\Periph\src\stm32f4xx_hash_sha1.c' - object file renamed from '.\Objects\stm32f4xx_hash_sha1.o' to '.\Objects\stm32f4xx_hash_sha1_1.o'.
Note: source file '..\Periph\src\stm32f4xx_i2c.c' - object file renamed from '.\Objects\stm32f4xx_i2c.o' to '.\Objects\stm32f4xx_i2c_1.o'.
Note: source file '..\Periph\src\stm32f4xx_iwdg.c' - object file renamed from '.\Objects\stm32f4xx_iwdg.o' to '.\Objects\stm32f4xx_iwdg_1.o'.
Note: source file '..\Periph\src\stm32f4xx_lptim.c' - object file renamed from '.\Objects\stm32f4xx_lptim.o' to '.\Objects\stm32f4xx_lptim_1.o'.
Note: source file '..\Periph\src\stm32f4xx_ltdc.c' - object file renamed from '.\Objects\stm32f4xx_ltdc.o' to '.\Objects\stm32f4xx_ltdc_1.o'.
Note: source file '..\Periph\src\stm32f4xx_pwr.c' - object file renamed from '.\Objects\stm32f4xx_pwr.o' to '.\Objects\stm32f4xx_pwr_1.o'.
Note: source file '..\Periph\src\stm32f4xx_qspi.c' - object file renamed from '.\Objects\stm32f4xx_qspi.o' to '.\Objects\stm32f4xx_qspi_1.o'.
Note: source file '..\Periph\src\stm32f4xx_rcc.c' - object file renamed from '.\Objects\stm32f4xx_rcc.o' to '.\Objects\stm32f4xx_rcc_1.o'.
Note: source file '..\Periph\src\stm32f4xx_rng.c' - object file renamed from '.\Objects\stm32f4xx_rng.o' to '.\Objects\stm32f4xx_rng_1.o'.
Note: source file '..\Periph\src\stm32f4xx_rtc.c' - object file renamed from '.\Objects\stm32f4xx_rtc.o' to '.\Objects\stm32f4xx_rtc_1.o'.
Note: source file '..\Periph\src\stm32f4xx_sai.c' - object file renamed from '.\Objects\stm32f4xx_sai.o' to '.\Objects\stm32f4xx_sai_1.o'.
Note: source file '..\Periph\src\stm32f4xx_sdio.c' - object file renamed from '.\Objects\stm32f4xx_sdio.o' to '.\Objects\stm32f4xx_sdio_1.o'.
Note: source file '..\Periph\src\stm32f4xx_spdifrx.c' - object file renamed from '.\Objects\stm32f4xx_spdifrx.o' to '.\Objects\stm32f4xx_spdifrx_1.o'.
Note: source file '..\Periph\src\stm32f4xx_spi.c' - object file renamed from '.\Objects\stm32f4xx_spi.o' to '.\Objects\stm32f4xx_spi_1.o'.
Note: source file '..\Periph\src\stm32f4xx_syscfg.c' - object file renamed from '.\Objects\stm32f4xx_syscfg.o' to '.\Objects\stm32f4xx_syscfg_1.o'.
Note: source file '..\Periph\src\stm32f4xx_tim.c' - object file renamed from '.\Objects\stm32f4xx_tim.o' to '.\Objects\stm32f4xx_tim_1.o'.
Note: source file '..\Periph\src\stm32f4xx_usart.c' - object file renamed from '.\Objects\stm32f4xx_usart.o' to '.\Objects\stm32f4xx_usart_1.o'.
Note: source file '..\Periph\src\stm32f4xx_wwdg.c' - object file renamed from '.\Objects\stm32f4xx_wwdg.o' to '.\Objects\stm32f4xx_wwdg_1.o'.
compiling rtosTop.c...
..\Hardware\freertos\rtosTop.c(121): warning:  #1-D: last line of file ends without a newline
  }
..\Hardware\freertos\rtosTop.c: 1 warning, 0 errors
linking...
Program Size: Code=7864 RO-data=448 RW-data=180 ZI-data=37172  
FromELF: creating hex file...
".\Objects\f401.axf" - 0 Error(s), 1 Warning(s).

<h2>Software Packages used:</h2>

Package Vendor: Keil
                https://www.keil.com/pack/Keil.STM32F4xx_DFP.2.17.1.pack
                Keil.STM32F4xx_DFP.2.17.1
                STMicroelectronics STM32F4 Series Device Support, Drivers and Examples

<h2>Collection of Component include folders:</h2>
  D:/Keil/Keil_pack/Keil/STM32F4xx_DFP/2.17.1/Drivers/CMSIS/Device/ST/STM32F4xx/Include

<h2>Collection of Component Files used:</h2>
Build Time Elapsed:  00:00:01
</pre>
</body>
</html>
